Archive member included to satisfy reference by file (symbol)

C:/ST/STM32CubeIDE_1.19.0/STM32CubeIDE/plugins/com.st.stm32cube.ide.mcu.externaltools.gnu-tools-for-stm32.13.3.rel1.win32_1.0.0.202411081344/tools/bin/../lib/gcc/arm-none-eabi/13.3.1/../../../../arm-none-eabi/lib/thumb/v7e-m+fp/hard\libc_nano.a(libc_a-exit.o)
                              C:/ST/STM32CubeIDE_1.19.0/STM32CubeIDE/plugins/com.st.stm32cube.ide.mcu.externaltools.gnu-tools-for-stm32.13.3.rel1.win32_1.0.0.202411081344/tools/bin/../lib/gcc/arm-none-eabi/13.3.1/../../../../arm-none-eabi/lib/thumb/v7e-m+fp/hard/crt0.o (exit)
C:/ST/STM32CubeIDE_1.19.0/STM32CubeIDE/plugins/com.st.stm32cube.ide.mcu.externaltools.gnu-tools-for-stm32.13.3.rel1.win32_1.0.0.202411081344/tools/bin/../lib/gcc/arm-none-eabi/13.3.1/../../../../arm-none-eabi/lib/thumb/v7e-m+fp/hard\libc_nano.a(libc_a-findfp.o)
                              C:/ST/STM32CubeIDE_1.19.0/STM32CubeIDE/plugins/com.st.stm32cube.ide.mcu.externaltools.gnu-tools-for-stm32.13.3.rel1.win32_1.0.0.202411081344/tools/bin/../lib/gcc/arm-none-eabi/13.3.1/../../../../arm-none-eabi/lib/thumb/v7e-m+fp/hard\libc_nano.a(libc_a-exit.o) (__stdio_exit_handler)
C:/ST/STM32CubeIDE_1.19.0/STM32CubeIDE/plugins/com.st.stm32cube.ide.mcu.externaltools.gnu-tools-for-stm32.13.3.rel1.win32_1.0.0.202411081344/tools/bin/../lib/gcc/arm-none-eabi/13.3.1/../../../../arm-none-eabi/lib/thumb/v7e-m+fp/hard\libc_nano.a(libc_a-fwalk.o)
                              C:/ST/STM32CubeIDE_1.19.0/STM32CubeIDE/plugins/com.st.stm32cube.ide.mcu.externaltools.gnu-tools-for-stm32.13.3.rel1.win32_1.0.0.202411081344/tools/bin/../lib/gcc/arm-none-eabi/13.3.1/../../../../arm-none-eabi/lib/thumb/v7e-m+fp/hard\libc_nano.a(libc_a-findfp.o) (_fwalk_sglue)
C:/ST/STM32CubeIDE_1.19.0/STM32CubeIDE/plugins/com.st.stm32cube.ide.mcu.externaltools.gnu-tools-for-stm32.13.3.rel1.win32_1.0.0.202411081344/tools/bin/../lib/gcc/arm-none-eabi/13.3.1/../../../../arm-none-eabi/lib/thumb/v7e-m+fp/hard\libc_nano.a(libc_a-sprintf.o)
                              ./Core/Src/garland.o (sprintf)
C:/ST/STM32CubeIDE_1.19.0/STM32CubeIDE/plugins/com.st.stm32cube.ide.mcu.externaltools.gnu-tools-for-stm32.13.3.rel1.win32_1.0.0.202411081344/tools/bin/../lib/gcc/arm-none-eabi/13.3.1/../../../../arm-none-eabi/lib/thumb/v7e-m+fp/hard\libc_nano.a(libc_a-stdio.o)
                              C:/ST/STM32CubeIDE_1.19.0/STM32CubeIDE/plugins/com.st.stm32cube.ide.mcu.externaltools.gnu-tools-for-stm32.13.3.rel1.win32_1.0.0.202411081344/tools/bin/../lib/gcc/arm-none-eabi/13.3.1/../../../../arm-none-eabi/lib/thumb/v7e-m+fp/hard\libc_nano.a(libc_a-findfp.o) (__sread)
C:/ST/STM32CubeIDE_1.19.0/STM32CubeIDE/plugins/com.st.stm32cube.ide.mcu.externaltools.gnu-tools-for-stm32.13.3.rel1.win32_1.0.0.202411081344/tools/bin/../lib/gcc/arm-none-eabi/13.3.1/../../../../arm-none-eabi/lib/thumb/v7e-m+fp/hard\libc_nano.a(libc_a-memset.o)
                              C:/ST/STM32CubeIDE_1.19.0/STM32CubeIDE/plugins/com.st.stm32cube.ide.mcu.externaltools.gnu-tools-for-stm32.13.3.rel1.win32_1.0.0.202411081344/tools/bin/../lib/gcc/arm-none-eabi/13.3.1/../../../../arm-none-eabi/lib/thumb/v7e-m+fp/hard/crt0.o (memset)
C:/ST/STM32CubeIDE_1.19.0/STM32CubeIDE/plugins/com.st.stm32cube.ide.mcu.externaltools.gnu-tools-for-stm32.13.3.rel1.win32_1.0.0.202411081344/tools/bin/../lib/gcc/arm-none-eabi/13.3.1/../../../../arm-none-eabi/lib/thumb/v7e-m+fp/hard\libc_nano.a(libc_a-closer.o)
                              C:/ST/STM32CubeIDE_1.19.0/STM32CubeIDE/plugins/com.st.stm32cube.ide.mcu.externaltools.gnu-tools-for-stm32.13.3.rel1.win32_1.0.0.202411081344/tools/bin/../lib/gcc/arm-none-eabi/13.3.1/../../../../arm-none-eabi/lib/thumb/v7e-m+fp/hard\libc_nano.a(libc_a-stdio.o) (_close_r)
C:/ST/STM32CubeIDE_1.19.0/STM32CubeIDE/plugins/com.st.stm32cube.ide.mcu.externaltools.gnu-tools-for-stm32.13.3.rel1.win32_1.0.0.202411081344/tools/bin/../lib/gcc/arm-none-eabi/13.3.1/../../../../arm-none-eabi/lib/thumb/v7e-m+fp/hard\libc_nano.a(libc_a-reent.o)
                              C:/ST/STM32CubeIDE_1.19.0/STM32CubeIDE/plugins/com.st.stm32cube.ide.mcu.externaltools.gnu-tools-for-stm32.13.3.rel1.win32_1.0.0.202411081344/tools/bin/../lib/gcc/arm-none-eabi/13.3.1/../../../../arm-none-eabi/lib/thumb/v7e-m+fp/hard\libc_nano.a(libc_a-closer.o) (errno)
C:/ST/STM32CubeIDE_1.19.0/STM32CubeIDE/plugins/com.st.stm32cube.ide.mcu.externaltools.gnu-tools-for-stm32.13.3.rel1.win32_1.0.0.202411081344/tools/bin/../lib/gcc/arm-none-eabi/13.3.1/../../../../arm-none-eabi/lib/thumb/v7e-m+fp/hard\libc_nano.a(libc_a-impure.o)
                              C:/ST/STM32CubeIDE_1.19.0/STM32CubeIDE/plugins/com.st.stm32cube.ide.mcu.externaltools.gnu-tools-for-stm32.13.3.rel1.win32_1.0.0.202411081344/tools/bin/../lib/gcc/arm-none-eabi/13.3.1/../../../../arm-none-eabi/lib/thumb/v7e-m+fp/hard\libc_nano.a(libc_a-sprintf.o) (_impure_ptr)
[...]
Memory Configuration

Name             Origin             Length             Attributes
CCMRAM           0x10000000         0x00010000         xrw
RAM              0x20000000         0x00030000         xrw
FLASH            0x08000000         0x00200000         xr
*default*        0x00000000         0xffffffff

Linker script and memory map

LOAD C:/ST/STM32CubeIDE_1.19.0/STM32CubeIDE/plugins/com.st.stm32cube.ide.mcu.externaltools.gnu-tools-for-stm32.13.3.rel1.win32_1.0.0.202411081344/tools/bin/../lib/gcc/arm-none-eabi/13.3.1/thumb/v7e-m+fp/hard/crti.o
LOAD C:/ST/STM32CubeIDE_1.19.0/STM32CubeIDE/plugins/com.st.stm32cube.ide.mcu.externaltools.gnu-tools-for-stm32.13.3.rel1.win32_1.0.0.202411081344/tools/bin/../lib/gcc/arm-none-eabi/13.3.1/thumb/v7e-m+fp/hard/crtbegin.o
LOAD C:/ST/STM32CubeIDE_1.19.0/STM32CubeIDE/plugins/com.st.stm32cube.ide.mcu.externaltools.gnu-tools-for-stm32.13.3.rel1.win32_1.0.0.202411081344/tools/bin/../lib/gcc/arm-none-eabi/13.3.1/../../../../arm-none-eabi/lib/thumb/v7e-m+fp/hard/crt0.o
LOAD ./Core/Src/button_driver.o
LOAD ./Core/Src/garland.o
LOAD ./Core/Src/gpio.o
LOAD ./Core/Src/i2c.o
LOAD ./Core/Src/i2c_driver.o
LOAD ./Core/Src/input_handler.o
LOAD ./Core/Src/main.o
LOAD ./Core/Src/stm32f4xx_hal_msp.o
LOAD ./Core/Src/stm32f4xx_it.o
LOAD ./Core/Src/syscalls.o
LOAD ./Core/Src/sysmem.o
LOAD ./Core/Src/system_stm32f4xx.o
LOAD ./Core/Src/tim.o
LOAD ./Core/Src/timing.o
LOAD ./Core/Src/uart_buf.o
LOAD ./Core/Src/uart_driver.o
LOAD ./Core/Src/usart.o
LOAD ./Core/Startup/startup_stm32f427vitx.o
LOAD ./Drivers/STM32F4xx_HAL_Driver/Src/stm32f4xx_hal.o
LOAD ./Drivers/STM32F4xx_HAL_Driver/Src/stm32f4xx_hal_cortex.o
LOAD ./Drivers/STM32F4xx_HAL_Driver/Src/stm32f4xx_hal_dma.o
LOAD ./Drivers/STM32F4xx_HAL_Driver/Src/stm32f4xx_hal_dma_ex.o
LOAD ./Drivers/STM32F4xx_HAL_Driver/Src/stm32f4xx_hal_exti.o
LOAD ./Drivers/STM32F4xx_HAL_Driver/Src/stm32f4xx_hal_flash.o
LOAD ./Drivers/STM32F4xx_HAL_Driver/Src/stm32f4xx_hal_flash_ex.o
LOAD ./Drivers/STM32F4xx_HAL_Driver/Src/stm32f4xx_hal_flash_ramfunc.o
LOAD ./Drivers/STM32F4xx_HAL_Driver/Src/stm32f4xx_hal_gpio.o
LOAD ./Drivers/STM32F4xx_HAL_Driver/Src/stm32f4xx_hal_i2c.o
LOAD ./Drivers/STM32F4xx_HAL_Driver/Src/stm32f4xx_hal_i2c_ex.o
LOAD ./Drivers/STM32F4xx_HAL_Driver/Src/stm32f4xx_hal_pwr.o
LOAD ./Drivers/STM32F4xx_HAL_Driver/Src/stm32f4xx_hal_pwr_ex.o
LOAD ./Drivers/STM32F4xx_HAL_Driver/Src/stm32f4xx_hal_rcc.o
LOAD ./Drivers/STM32F4xx_HAL_Driver/Src/stm32f4xx_hal_rcc_ex.o
LOAD ./Drivers/STM32F4xx_HAL_Driver/Src/stm32f4xx_hal_tim.o
LOAD ./Drivers/STM32F4xx_HAL_Driver/Src/stm32f4xx_hal_tim_ex.o
LOAD ./Drivers/STM32F4xx_HAL_Driver/Src/stm32f4xx_hal_uart.o
START GROUP
LOAD C:/ST/STM32CubeIDE_1.19.0/STM32CubeIDE/plugins/com.st.stm32cube.ide.mcu.externaltools.gnu-tools-for-stm32.13.3.rel1.win32_1.0.0.202411081344/tools/bin/../lib/gcc/arm-none-eabi/13.3.1/../../../../arm-none-eabi/lib/thumb/v7e-m+fp/hard\libc_nano.a
LOAD C:/ST/STM32CubeIDE_1.19.0/STM32CubeIDE/plugins/com.st.stm32cube.ide.mcu.externaltools.gnu-tools-for-stm32.13.3.rel1.win32_1.0.0.202411081344/tools/bin/../lib/gcc/arm-none-eabi/13.3.1/../../../../arm-none-eabi/lib/thumb/v7e-m+fp/hard\libm.a
END GROUP
START GROUP
LOAD C:/ST/STM32CubeIDE_1.19.0/STM32CubeIDE/plugins/com.st.stm32cube.ide.mcu.externaltools.gnu-tools-for-stm32.13.3.rel1.win32_1.0.0.202411081344/tools/bin/../lib/gcc/arm-none-eabi/13.3.1/thumb/v7e-m+fp/hard\libgcc.a
LOAD C:/ST/STM32CubeIDE_1.19.0/STM32CubeIDE/plugins/com.st.stm32cube.ide.mcu.externaltools.gnu-tools-for-stm32.13.3.rel1.win32_1.0.0.202411081344/tools/bin/../lib/gcc/arm-none-eabi/13.3.1/../../../../arm-none-eabi/lib/thumb/v7e-m+fp/hard\libc_nano.a
END GROUP
START GROUP
LOAD C:/ST/STM32CubeIDE_1.19.0/STM32CubeIDE/plugins/com.st.stm32cube.ide.mcu.externaltools.gnu-tools-for-stm32.13.3.rel1.win32_1.0.0.202411081344/tools/bin/../lib/gcc/arm-none-eabi/13.3.1/thumb/v7e-m+fp/hard\libgcc.a
LOAD C:/ST/STM32CubeIDE_1.19.0/STM32CubeIDE/plugins/com.st.stm32cube.ide.mcu.externaltools.gnu-tools-for-stm32.13.3.rel1.win32_1.0.0.202411081344/tools/bin/../lib/gcc/arm-none-eabi/13.3.1/../../../../arm-none-eabi/lib/thumb/v7e-m+fp/hard\libc_nano.a
LOAD C:/ST/STM32CubeIDE_1.19.0/STM32CubeIDE/plugins/com.st.stm32cube.ide.mcu.externaltools.gnu-tools-for-stm32.13.3.rel1.win32_1.0.0.202411081344/tools/bin/../lib/gcc/arm-none-eabi/13.3.1/../../../../arm-none-eabi/lib/thumb/v7e-m+fp/hard\libnosys.a
END GROUP
START GROUP
LOAD C:/ST/STM32CubeIDE_1.19.0/STM32CubeIDE/plugins/com.st.stm32cube.ide.mcu.externaltools.gnu-tools-for-stm32.13.3.rel1.win32_1.0.0.202411081344/tools/bin/../lib/gcc/arm-none-eabi/13.3.1/thumb/v7e-m+fp/hard\libgcc.a
LOAD C:/ST/STM32CubeIDE_1.19.0/STM32CubeIDE/plugins/com.st.stm32cube.ide.mcu.externaltools.gnu-tools-for-stm32.13.3.rel1.win32_1.0.0.202411081344/tools/bin/../lib/gcc/arm-none-eabi/13.3.1/../../../../arm-none-eabi/lib/thumb/v7e-m+fp/hard\libc_nano.a
LOAD C:/ST/STM32CubeIDE_1.19.0/STM32CubeIDE/plugins/com.st.stm32cube.ide.mcu.externaltools.gnu-tools-for-stm32.13.3.rel1.win32_1.0.0.202411081344/tools/bin/../lib/gcc/arm-none-eabi/13.3.1/../../../../arm-none-eabi/lib/thumb/v7e-m+fp/hard\libnosys.a
END GROUP
LOAD C:/ST/STM32CubeIDE_1.19.0/STM32CubeIDE/plugins/com.st.stm32cube.ide.mcu.externaltools.gnu-tools-for-stm32.13.3.rel1.win32_1.0.0.202411081344/tools/bin/../lib/gcc/arm-none-eabi/13.3.1/thumb/v7e-m+fp/hard/crtend.o
LOAD C:/ST/STM32CubeIDE_1.19.0/STM32CubeIDE/plugins/com.st.stm32cube.ide.mcu.externaltools.gnu-tools-for-stm32.13.3.rel1.win32_1.0.0.202411081344/tools/bin/../lib/gcc/arm-none-eabi/13.3.1/thumb/v7e-m+fp/hard/crtn.o
                0x20030000                        _estack = (ORIGIN (RAM) + LENGTH (RAM))
                0x00000200                        _Min_Heap_Size = 0x200
                0x00000400                        _Min_Stack_Size = 0x400

.isr_vector     0x08000000      0x1ac
                0x08000000                        . = ALIGN (0x4)
 *(.isr_vector)
 .isr_vector    0x08000000      0x1ac ./Core/Startup/startup_stm32f427vitx.o
                0x08000000                g_pfnVectors
                0x080001ac                        . = ALIGN (0x4)

.text           0x080001b0     0x7480
                0x080001b0                        . = ALIGN (0x4)
 *(.text)
 .text          0x080001b0       0x40 C:/ST/STM32CubeIDE_1.19.0/STM32CubeIDE/plugins/com.st.stm32cube.ide.mcu.externaltools.gnu-tools-for-stm32.13.3.rel1.win32_1.0.0.202411081344/tools/bin/../lib/gcc/arm-none-eabi/13.3.1/thumb/v7e-m+fp/hard/crtbegin.o
 .text          0x080001f0       0x10 C:/ST/STM32CubeIDE_1.19.0/STM32CubeIDE/plugins/com.st.stm32cube.ide.mcu.externaltools.gnu-tools-for-stm32.13.3.rel1.win32_1.0.0.202411081344/tools/bin/../lib/gcc/arm-none-eabi/13.3.1/../../../../arm-none-eabi/lib/thumb/v7e-m+fp/hard\libc_nano.a(libc_a-strlen.o)
                0x080001f0                strlen
 .text          0x08000200       0xa0 C:/ST/STM32CubeIDE_1.19.0/STM32CubeIDE/plugins/com.st.stm32cube.ide.mcu.externaltools.gnu-tools-for-stm32.13.3.rel1.win32_1.0.0.202411081344/tools/bin/../lib/gcc/arm-none-eabi/13.3.1/../../../../arm-none-eabi/lib/thumb/v7e-m+fp/hard\libc_nano.a(libc_a-memchr.o)
                0x08000200                memchr
 .text          0x080002a0      0x378 C:/ST/STM32CubeIDE_1.19.0/STM32CubeIDE/plugins/com.st.stm32cube.ide.mcu.externaltools.gnu-tools-for-stm32.13.3.rel1.win32_1.0.0.202411081344/tools/bin/../lib/gcc/arm-none-eabi/13.3.1/thumb/v7e-m+fp/hard\libgcc.a(_arm_addsubdf3.o)
                0x080002a0                __aeabi_drsub
                0x080002a8                __aeabi_dsub
                0x080002a8                __subdf3
                0x080002ac                __aeabi_dadd
                0x080002ac                __adddf3
                0x08000524                __floatunsidf
                0x08000524                __aeabi_ui2d
                0x08000544                __floatsidf
                0x08000544                __aeabi_i2d
                0x08000568                __aeabi_f2d
                0x08000568                __extendsfdf2
                0x080005ac                __floatundidf
                0x080005ac                __aeabi_ul2d
                0x080005bc                __floatdidf
                0x080005bc                __aeabi_l2d
 .text          0x08000618      0x424 C:/ST/STM32CubeIDE_1.19.0/STM32CubeIDE/plugins/com.st.stm32cube.ide.mcu.externaltools.gnu-tools-for-stm32.13.3.rel1.win32_1.0.0.202411081344/tools/bin/../lib/gcc/arm-none-eabi/13.3.1/thumb/v7e-m+fp/hard\libgcc.a(_arm_muldivdf3.o)
                0x08000618                __aeabi_dmul
                0x08000618                __muldf3
                0x0800086c                __divdf3
                0x0800086c                __aeabi_ddiv
 .text          0x08000a3c       0xa0 C:/ST/STM32CubeIDE_1.19.0/STM32CubeIDE/plugins/com.st.stm32cube.ide.mcu.externaltools.gnu-tools-for-stm32.13.3.rel1.win32_1.0.0.202411081344/tools/bin/../lib/gcc/arm-none-eabi/13.3.1/thumb/v7e-m+fp/hard\libgcc.a(_arm_truncdfsf2.o)
                0x08000a3c                __truncdfsf2
                0x08000a3c                __aeabi_d2f
 .text          0x08000adc       0x30 C:/ST/STM32CubeIDE_1.19.0/STM32CubeIDE/plugins/com.st.stm32cube.ide.mcu.externaltools.gnu-tools-for-stm32.13.3.rel1.win32_1.0.0.202411081344/tools/bin/../lib/gcc/arm-none-eabi/13.3.1/thumb/v7e-m+fp/hard\libgcc.a(_aeabi_uldivmod.o)
                0x08000adc                __aeabi_uldivmod
 .text          0x08000b0c      0x2f8 C:/ST/STM32CubeIDE_1.19.0/STM32CubeIDE/plugins/com.st.stm32cube.ide.mcu.externaltools.gnu-tools-for-stm32.13.3.rel1.win32_1.0.0.202411081344/tools/bin/../lib/gcc/arm-none-eabi/13.3.1/thumb/v7e-m+fp/hard\libgcc.a(_udivmoddi4.o)
                0x08000b0c                __udivmoddi4
 .text          0x08000e04        0x4 C:/ST/STM32CubeIDE_1.19.0/STM32CubeIDE/plugins/com.st.stm32cube.ide.mcu.externaltools.gnu-tools-for-stm32.13.3.rel1.win32_1.0.0.202411081344/tools/bin/../lib/gcc/arm-none-eabi/13.3.1/thumb/v7e-m+fp/hard\libgcc.a(_dvmd_tls.o)
                0x08000e04                __aeabi_idiv0
                0x08000e04                __aeabi_ldiv0
 *(.text*)
 .text.is_pressed
                0x08000e08       0x20 ./Core/Src/button_driver.o
                0x08000e08                is_pressed
 .text.update_button_state
                0x08000e28       0x94 ./Core/Src/button_driver.o
                0x08000e28                update_button_state
 .text.lock     0x08000ebc       0x22 ./Core/Src/garland.o
 .text.unlock   0x08000ede       0x20 ./Core/Src/garland.o
 *fill*         0x08000efe        0x2 
 .text.format_user_mode_info
                0x08000f00       0x5c ./Core/Src/garland.o
                0x08000f00                format_user_mode_info
 .text.start_editing
                0x08000f5c       0x40 ./Core/Src/garland.o
                0x08000f5c                start_editing
 .text.finish_editing
                0x08000f9c       0x40 ./Core/Src/garland.o
                0x08000f9c                finish_editing
 .text.e_light_up
                0x08000fdc       0x70 ./Core/Src/garland.o
                0x08000fdc                e_light_up
 .text.e_light_down
                0x0800104c       0x6c ./Core/Src/garland.o
                0x0800104c                e_light_down
 .text.e_switch_seq
                0x080010b8       0x64 ./Core/Src/garland.o
                0x080010b8                e_switch_seq
 .text.e_switch_color
                0x0800111c       0x68 ./Core/Src/garland.o
                0x0800111c                e_switch_color
 .text.is_editing
                0x08001184       0x20 ./Core/Src/garland.o
                0x08001184                is_editing
 .text.HAL_TIM_PeriodElapsedCallback
                0x080011a4       0x24 ./Core/Src/garland.o
                0x080011a4                HAL_TIM_PeriodElapsedCallback
 .text.first_mode
                0x080011c8       0xa8 ./Core/Src/garland.o
 .text.second_mode
                0x08001270      0x124 ./Core/Src/garland.o
 .text.third_mode
                0x08001394      0x144 ./Core/Src/garland.o
 .text.user_mode
                0x080014d8      0x254 ./Core/Src/garland.o
 .text.speed_up
                0x0800172c       0xe4 ./Core/Src/garland.o
                0x0800172c                speed_up
 .text.speed_down
                0x08001810       0xdc ./Core/Src/garland.o
                0x08001810                speed_down
 .text.next_mode
                0x080018ec       0xb0 ./Core/Src/garland.o
                0x080018ec                next_mode
 .text.prev_mode
                0x0800199c       0xb0 ./Core/Src/garland.o
                0x0800199c                prev_mode
 .text.update_state
                0x08001a4c       0x48 ./Core/Src/garland.o
                0x08001a4c                update_state
 .text.MX_GPIO_Init
                0x08001a94       0xcc ./Core/Src/gpio.o
                0x08001a94                MX_GPIO_Init
 .text.MX_I2C1_Init
                0x08001b60       0x80 ./Core/Src/i2c.o
                0x08001b60                MX_I2C1_Init
 .text.HAL_I2C_MspInit
                0x08001be0       0x90 ./Core/Src/i2c.o
                0x08001be0                HAL_I2C_MspInit
 .text.keyboard_reset
                0x08001c70       0x4c ./Core/Src/i2c_driver.o
                0x08001c70                keyboard_reset
 .text.keyboard_init
                0x08001cbc       0x44 ./Core/Src/i2c_driver.o
                0x08001cbc                keyboard_init
 .text.update_curr_state
                0x08001d00       0xd4 ./Core/Src/i2c_driver.o
 .text.is_all_unpressed
                0x08001dd4       0x38 ./Core/Src/i2c_driver.o
 .text.is_one_pressed
                0x08001e0c       0x48 ./Core/Src/i2c_driver.o
 .text.update_keyboard_state
                0x08001e54      0x10c ./Core/Src/i2c_driver.o
                0x08001e54                update_keyboard_state
 .text.handle_input
                0x08001f60      0x108 ./Core/Src/input_handler.o
                0x08001f60                handle_input
 .text.print_buf
                0x08002068       0x24 ./Core/Src/main.o
                0x08002068                print_buf
 .text.main     0x0800208c       0xec ./Core/Src/main.o
                0x0800208c                main
 .text.SystemClock_Config
                0x08002178       0xe4 ./Core/Src/main.o
                0x08002178                SystemClock_Config
 .text.Error_Handler
                0x0800225c        0xc ./Core/Src/main.o
                0x0800225c                Error_Handler
 .text.HAL_MspInit
                0x08002268       0x50 ./Core/Src/stm32f4xx_hal_msp.o
                0x08002268                HAL_MspInit
 .text.NMI_Handler
                0x080022b8        0x8 ./Core/Src/stm32f4xx_it.o
                0x080022b8                NMI_Handler
 .text.HardFault_Handler
                0x080022c0        0x8 ./Core/Src/stm32f4xx_it.o
                0x080022c0                HardFault_Handler
 .text.MemManage_Handler
                0x080022c8        0x8 ./Core/Src/stm32f4xx_it.o
                0x080022c8                MemManage_Handler
 .text.BusFault_Handler
                0x080022d0        0x8 ./Core/Src/stm32f4xx_it.o
                0x080022d0                BusFault_Handler
 .text.UsageFault_Handler
                0x080022d8        0x8 ./Core/Src/stm32f4xx_it.o
                0x080022d8                UsageFault_Handler
 .text.SVC_Handler
                0x080022e0        0xe ./Core/Src/stm32f4xx_it.o
                0x080022e0                SVC_Handler
 .text.DebugMon_Handler
                0x080022ee        0xe ./Core/Src/stm32f4xx_it.o
                0x080022ee                DebugMon_Handler
 .text.PendSV_Handler
                0x080022fc        0xe ./Core/Src/stm32f4xx_it.o
                0x080022fc                PendSV_Handler
 .text.SysTick_Handler
                0x0800230a        0xc ./Core/Src/stm32f4xx_it.o
                0x0800230a                SysTick_Handler
 *fill*         0x08002316        0x2 
 .text.TIM6_DAC_IRQHandler
                0x08002318       0x14 ./Core/Src/stm32f4xx_it.o
                0x08002318                TIM6_DAC_IRQHandler
 .text.USART6_IRQHandler
                0x0800232c       0x14 ./Core/Src/stm32f4xx_it.o
                0x0800232c                USART6_IRQHandler
 .text._sbrk    0x08002340       0x6c ./Core/Src/sysmem.o
                0x08002340                _sbrk
 .text.SystemInit
                0x080023ac       0x24 ./Core/Src/system_stm32f4xx.o
                0x080023ac                SystemInit
 .text.MX_TIM4_Init
                0x080023d0      0x118 ./Core/Src/tim.o
                0x080023d0                MX_TIM4_Init
 .text.MX_TIM6_Init
                0x080024e8       0x6c ./Core/Src/tim.o
                0x080024e8                MX_TIM6_Init
 .text.HAL_TIM_Base_MspInit
                0x08002554       0x7c ./Core/Src/tim.o
                0x08002554                HAL_TIM_Base_MspInit
 .text.HAL_TIM_MspPostInit
                0x080025d0       0x74 ./Core/Src/tim.o
                0x080025d0                HAL_TIM_MspPostInit
 .text.uart_buf_reset
                0x08002644       0x26 ./Core/Src/uart_buf.o
                0x08002644                uart_buf_reset
 *fill*         0x0800266a        0x2 
 .text.MX_USART6_UART_Init
                0x0800266c       0x54 ./Core/Src/usart.o
                0x0800266c                MX_USART6_UART_Init
 .text.HAL_UART_MspInit
                0x080026c0       0xa0 ./Core/Src/usart.o
                0x080026c0                HAL_UART_MspInit
 .text.Reset_Handler
                0x08002760       0x50 ./Core/Startup/startup_stm32f427vitx.o
                0x08002760                Reset_Handler
 .text.Default_Handler
                0x080027b0        0x2 ./Core/Startup/startup_stm32f427vitx.o
                0x080027b0                RTC_Alarm_IRQHandler
                0x080027b0                HASH_RNG_IRQHandler
                0x080027b0                EXTI2_IRQHandler
                0x080027b0                TIM8_CC_IRQHandler
                0x080027b0                UART8_IRQHandler
                0x080027b0                SPI4_IRQHandler
                0x080027b0                TIM1_CC_IRQHandler
                0x080027b0                DMA2_Stream5_IRQHandler
                0x080027b0                DMA1_Stream5_IRQHandler
                0x080027b0                PVD_IRQHandler
                0x080027b0                SDIO_IRQHandler
                0x080027b0                TAMP_STAMP_IRQHandler
                0x080027b0                CAN2_RX1_IRQHandler
                0x080027b0                EXTI3_IRQHandler
                0x080027b0                TIM8_TRG_COM_TIM14_IRQHandler
                0x080027b0                TIM1_UP_TIM10_IRQHandler
                0x080027b0                TIM8_UP_TIM13_IRQHandler
                0x080027b0                I2C3_ER_IRQHandler
                0x080027b0                EXTI0_IRQHandler
                0x080027b0                I2C2_EV_IRQHandler
                0x080027b0                DMA1_Stream2_IRQHandler
                0x080027b0                CAN1_RX0_IRQHandler
                0x080027b0                FPU_IRQHandler
                0x080027b0                OTG_HS_WKUP_IRQHandler
                0x080027b0                CAN2_SCE_IRQHandler
                0x080027b0                DMA2_Stream2_IRQHandler
                0x080027b0                SPI1_IRQHandler
                0x080027b0                TIM1_BRK_TIM9_IRQHandler
                0x080027b0                DCMI_IRQHandler
                0x080027b0                CAN2_RX0_IRQHandler
                0x080027b0                DMA2_Stream3_IRQHandler
                0x080027b0                USART3_IRQHandler
                0x080027b0                CAN1_RX1_IRQHandler
                0x080027b0                UART5_IRQHandler
                0x080027b0                DMA2_Stream0_IRQHandler
                0x080027b0                TIM4_IRQHandler
                0x080027b0                I2C1_EV_IRQHandler
                0x080027b0                DMA1_Stream6_IRQHandler
                0x080027b0                DMA1_Stream1_IRQHandler
                0x080027b0                UART4_IRQHandler
                0x080027b0                TIM3_IRQHandler
                0x080027b0                RCC_IRQHandler
                0x080027b0                TIM8_BRK_TIM12_IRQHandler
                0x080027b0                Default_Handler
                0x080027b0                EXTI15_10_IRQHandler
                0x080027b0                ADC_IRQHandler
                0x080027b0                DMA1_Stream7_IRQHandler
                0x080027b0                SPI5_IRQHandler
                0x080027b0                TIM7_IRQHandler
                0x080027b0                CAN2_TX_IRQHandler
                0x080027b0                TIM5_IRQHandler
                0x080027b0                DMA2_Stream7_IRQHandler
                0x080027b0                I2C3_EV_IRQHandler
                0x080027b0                EXTI9_5_IRQHandler
                0x080027b0                RTC_WKUP_IRQHandler
                0x080027b0                ETH_WKUP_IRQHandler
                0x080027b0                SPI2_IRQHandler
                0x080027b0                OTG_HS_EP1_IN_IRQHandler
                0x080027b0                DMA1_Stream0_IRQHandler
                0x080027b0                CAN1_TX_IRQHandler
                0x080027b0                EXTI4_IRQHandler
                0x080027b0                ETH_IRQHandler
                0x080027b0                OTG_HS_EP1_OUT_IRQHandler
                0x080027b0                WWDG_IRQHandler
                0x080027b0                SPI6_IRQHandler
                0x080027b0                TIM2_IRQHandler
                0x080027b0                OTG_FS_WKUP_IRQHandler
                0x080027b0                TIM1_TRG_COM_TIM11_IRQHandler
                0x080027b0                OTG_HS_IRQHandler
                0x080027b0                DMA2D_IRQHandler
                0x080027b0                EXTI1_IRQHandler
                0x080027b0                UART7_IRQHandler
                0x080027b0                USART2_IRQHandler
                0x080027b0                I2C2_ER_IRQHandler
                0x080027b0                DMA2_Stream1_IRQHandler
                0x080027b0                CAN1_SCE_IRQHandler
                0x080027b0                FLASH_IRQHandler
                0x080027b0                DMA2_Stream4_IRQHandler
                0x080027b0                USART1_IRQHandler
                0x080027b0                OTG_FS_IRQHandler
                0x080027b0                SPI3_IRQHandler
                0x080027b0                DMA1_Stream4_IRQHandler
                0x080027b0                I2C1_ER_IRQHandler
                0x080027b0                FMC_IRQHandler
                0x080027b0                DMA2_Stream6_IRQHandler
                0x080027b0                SAI1_IRQHandler
                0x080027b0                DMA1_Stream3_IRQHandler
 *fill*         0x080027b2        0x2 
 .text.HAL_Init
                0x080027b4       0x44 ./Drivers/STM32F4xx_HAL_Driver/Src/stm32f4xx_hal.o
                0x080027b4                HAL_Init
 .text.HAL_InitTick
                0x080027f8       0x60 ./Drivers/STM32F4xx_HAL_Driver/Src/stm32f4xx_hal.o
                0x080027f8                HAL_InitTick
 .text.HAL_IncTick
                0x08002858       0x28 ./Drivers/STM32F4xx_HAL_Driver/Src/stm32f4xx_hal.o
                0x08002858                HAL_IncTick
 .text.HAL_GetTick
                0x08002880       0x18 ./Drivers/STM32F4xx_HAL_Driver/Src/stm32f4xx_hal.o
                0x08002880                HAL_GetTick
 .text.__NVIC_SetPriorityGrouping
                0x08002898       0x48 ./Drivers/STM32F4xx_HAL_Driver/Src/stm32f4xx_hal_cortex.o
 .text.__NVIC_GetPriorityGrouping
                0x080028e0       0x1c ./Drivers/STM32F4xx_HAL_Driver/Src/stm32f4xx_hal_cortex.o
 .text.__NVIC_EnableIRQ
                0x080028fc       0x3c ./Drivers/STM32F4xx_HAL_Driver/Src/stm32f4xx_hal_cortex.o
 .text.__NVIC_SetPriority
                0x08002938       0x54 ./Drivers/STM32F4xx_HAL_Driver/Src/stm32f4xx_hal_cortex.o
 .text.NVIC_EncodePriority
                0x0800298c       0x66 ./Drivers/STM32F4xx_HAL_Driver/Src/stm32f4xx_hal_cortex.o
 *fill*         0x080029f2        0x2 
 .text.SysTick_Config
                0x080029f4       0x44 ./Drivers/STM32F4xx_HAL_Driver/Src/stm32f4xx_hal_cortex.o
 .text.HAL_NVIC_SetPriorityGrouping
                0x08002a38       0x16 ./Drivers/STM32F4xx_HAL_Driver/Src/stm32f4xx_hal_cortex.o
                0x08002a38                HAL_NVIC_SetPriorityGrouping
 .text.HAL_NVIC_SetPriority
                0x08002a4e       0x38 ./Drivers/STM32F4xx_HAL_Driver/Src/stm32f4xx_hal_cortex.o
                0x08002a4e                HAL_NVIC_SetPriority
 .text.HAL_NVIC_EnableIRQ
                0x08002a86       0x1c ./Drivers/STM32F4xx_HAL_Driver/Src/stm32f4xx_hal_cortex.o
                0x08002a86                HAL_NVIC_EnableIRQ
 .text.HAL_SYSTICK_Config
                0x08002aa2       0x18 ./Drivers/STM32F4xx_HAL_Driver/Src/stm32f4xx_hal_cortex.o
                0x08002aa2                HAL_SYSTICK_Config
 .text.HAL_DMA_Abort
                0x08002aba       0xe0 ./Drivers/STM32F4xx_HAL_Driver/Src/stm32f4xx_hal_dma.o
                0x08002aba                HAL_DMA_Abort
 .text.HAL_DMA_Abort_IT
                0x08002b9a       0x44 ./Drivers/STM32F4xx_HAL_Driver/Src/stm32f4xx_hal_dma.o
                0x08002b9a                HAL_DMA_Abort_IT
 *fill*         0x08002bde        0x2 
 .text.HAL_GPIO_Init
                0x08002be0      0x358 ./Drivers/STM32F4xx_HAL_Driver/Src/stm32f4xx_hal_gpio.o
                0x08002be0                HAL_GPIO_Init
 .text.HAL_GPIO_ReadPin
                0x08002f38       0x30 ./Drivers/STM32F4xx_HAL_Driver/Src/stm32f4xx_hal_gpio.o
                0x08002f38                HAL_GPIO_ReadPin
 .text.HAL_I2C_Init
                0x08002f68      0x288 ./Drivers/STM32F4xx_HAL_Driver/Src/stm32f4xx_hal_i2c.o
                0x08002f68                HAL_I2C_Init
 .text.HAL_I2C_Mem_Write
                0x080031f0      0x1f4 ./Drivers/STM32F4xx_HAL_Driver/Src/stm32f4xx_hal_i2c.o
                0x080031f0                HAL_I2C_Mem_Write
 .text.HAL_I2C_Mem_Read
                0x080033e4      0x464 ./Drivers/STM32F4xx_HAL_Driver/Src/stm32f4xx_hal_i2c.o
                0x080033e4                HAL_I2C_Mem_Read
 .text.HAL_I2C_IsDeviceReady
                0x08003848      0x25c ./Drivers/STM32F4xx_HAL_Driver/Src/stm32f4xx_hal_i2c.o
                0x08003848                HAL_I2C_IsDeviceReady
 .text.I2C_RequestMemoryWrite
                0x08003aa4      0x12c ./Drivers/STM32F4xx_HAL_Driver/Src/stm32f4xx_hal_i2c.o
 .text.I2C_RequestMemoryRead
                0x08003bd0      0x1d0 ./Drivers/STM32F4xx_HAL_Driver/Src/stm32f4xx_hal_i2c.o
 .text.I2C_WaitOnFlagUntilTimeout
                0x08003da0       0xf4 ./Drivers/STM32F4xx_HAL_Driver/Src/stm32f4xx_hal_i2c.o
 .text.I2C_WaitOnMasterAddressFlagUntilTimeout
                0x08003e94      0x140 ./Drivers/STM32F4xx_HAL_Driver/Src/stm32f4xx_hal_i2c.o
 .text.I2C_WaitOnTXEFlagUntilTimeout
                0x08003fd4       0x90 ./Drivers/STM32F4xx_HAL_Driver/Src/stm32f4xx_hal_i2c.o
 .text.I2C_WaitOnBTFFlagUntilTimeout
                0x08004064       0x90 ./Drivers/STM32F4xx_HAL_Driver/Src/stm32f4xx_hal_i2c.o
 .text.I2C_WaitOnRXNEFlagUntilTimeout
                0x080040f4       0xba ./Drivers/STM32F4xx_HAL_Driver/Src/stm32f4xx_hal_i2c.o
 .text.I2C_IsAcknowledgeFailed
                0x080041ae       0x5e ./Drivers/STM32F4xx_HAL_Driver/Src/stm32f4xx_hal_i2c.o
 .text.HAL_I2CEx_ConfigAnalogFilter
                0x0800420c       0x78 ./Drivers/STM32F4xx_HAL_Driver/Src/stm32f4xx_hal_i2c_ex.o
                0x0800420c                HAL_I2CEx_ConfigAnalogFilter
 .text.HAL_I2CEx_ConfigDigitalFilter
                0x08004284       0x7e ./Drivers/STM32F4xx_HAL_Driver/Src/stm32f4xx_hal_i2c_ex.o
                0x08004284                HAL_I2CEx_ConfigDigitalFilter
 *fill*         0x08004302        0x2 
 .text.HAL_PWREx_EnableOverDrive
                0x08004304       0xa0 ./Drivers/STM32F4xx_HAL_Driver/Src/stm32f4xx_hal_pwr_ex.o
                0x08004304                HAL_PWREx_EnableOverDrive
 .text.HAL_RCC_OscConfig
                0x080043a4      0x4f0 ./Drivers/STM32F4xx_HAL_Driver/Src/stm32f4xx_hal_rcc.o
                0x080043a4                HAL_RCC_OscConfig
 .text.HAL_RCC_ClockConfig
                0x08004894      0x1cc ./Drivers/STM32F4xx_HAL_Driver/Src/stm32f4xx_hal_rcc.o
                0x08004894                HAL_RCC_ClockConfig
 .text.HAL_RCC_GetSysClockFreq
                0x08004a60      0x18c ./Drivers/STM32F4xx_HAL_Driver/Src/stm32f4xx_hal_rcc.o
                0x08004a60                HAL_RCC_GetSysClockFreq
 .text.HAL_RCC_GetHCLKFreq
                0x08004bec       0x18 ./Drivers/STM32F4xx_HAL_Driver/Src/stm32f4xx_hal_rcc.o
                0x08004bec                HAL_RCC_GetHCLKFreq
 .text.HAL_RCC_GetPCLK1Freq
                0x08004c04       0x28 ./Drivers/STM32F4xx_HAL_Driver/Src/stm32f4xx_hal_rcc.o
                0x08004c04                HAL_RCC_GetPCLK1Freq
 .text.HAL_RCC_GetPCLK2Freq
                0x08004c2c       0x28 ./Drivers/STM32F4xx_HAL_Driver/Src/stm32f4xx_hal_rcc.o
                0x08004c2c                HAL_RCC_GetPCLK2Freq
 .text.HAL_TIM_Base_Init
                0x08004c54       0x9e ./Drivers/STM32F4xx_HAL_Driver/Src/stm32f4xx_hal_tim.o
                0x08004c54                HAL_TIM_Base_Init
 *fill*         0x08004cf2        0x2 
 .text.HAL_TIM_Base_Start_IT
                0x08004cf4       0xe0 ./Drivers/STM32F4xx_HAL_Driver/Src/stm32f4xx_hal_tim.o
                0x08004cf4                HAL_TIM_Base_Start_IT
 .text.HAL_TIM_PWM_Init
                0x08004dd4       0x9e ./Drivers/STM32F4xx_HAL_Driver/Src/stm32f4xx_hal_tim.o
                0x08004dd4                HAL_TIM_PWM_Init
 .text.HAL_TIM_PWM_MspInit
                0x08004e72       0x14 ./Drivers/STM32F4xx_HAL_Driver/Src/stm32f4xx_hal_tim.o
                0x08004e72                HAL_TIM_PWM_MspInit
 *fill*         0x08004e86        0x2 
 .text.HAL_TIM_PWM_Start
                0x08004e88      0x190 ./Drivers/STM32F4xx_HAL_Driver/Src/stm32f4xx_hal_tim.o
                0x08004e88                HAL_TIM_PWM_Start
 .text.HAL_TIM_IRQHandler
                0x08005018      0x1e0 ./Drivers/STM32F4xx_HAL_Driver/Src/stm32f4xx_hal_tim.o
                0x08005018                HAL_TIM_IRQHandler
 .text.HAL_TIM_PWM_ConfigChannel
                0x080051f8      0x184 ./Drivers/STM32F4xx_HAL_Driver/Src/stm32f4xx_hal_tim.o
                0x080051f8                HAL_TIM_PWM_ConfigChannel
 .text.HAL_TIM_ConfigClockSource
                0x0800537c      0x18e ./Drivers/STM32F4xx_HAL_Driver/Src/stm32f4xx_hal_tim.o
                0x0800537c                HAL_TIM_ConfigClockSource
 .text.HAL_TIM_OC_DelayElapsedCallback
                0x0800550a       0x14 ./Drivers/STM32F4xx_HAL_Driver/Src/stm32f4xx_hal_tim.o
                0x0800550a                HAL_TIM_OC_DelayElapsedCallback
 .text.HAL_TIM_IC_CaptureCallback
                0x0800551e       0x14 ./Drivers/STM32F4xx_HAL_Driver/Src/stm32f4xx_hal_tim.o
                0x0800551e                HAL_TIM_IC_CaptureCallback
 .text.HAL_TIM_PWM_PulseFinishedCallback
                0x08005532       0x14 ./Drivers/STM32F4xx_HAL_Driver/Src/stm32f4xx_hal_tim.o
                0x08005532                HAL_TIM_PWM_PulseFinishedCallback
 .text.HAL_TIM_TriggerCallback
                0x08005546       0x14 ./Drivers/STM32F4xx_HAL_Driver/Src/stm32f4xx_hal_tim.o
                0x08005546                HAL_TIM_TriggerCallback
 *fill*         0x0800555a        0x2 
 .text.TIM_Base_SetConfig
                0x0800555c      0x14c ./Drivers/STM32F4xx_HAL_Driver/Src/stm32f4xx_hal_tim.o
                0x0800555c                TIM_Base_SetConfig
 .text.TIM_OC1_SetConfig
                0x080056a8       0xe0 ./Drivers/STM32F4xx_HAL_Driver/Src/stm32f4xx_hal_tim.o
 .text.TIM_OC2_SetConfig
                0x08005788       0xec ./Drivers/STM32F4xx_HAL_Driver/Src/stm32f4xx_hal_tim.o
                0x08005788                TIM_OC2_SetConfig
 .text.TIM_OC3_SetConfig
                0x08005874       0xe8 ./Drivers/STM32F4xx_HAL_Driver/Src/stm32f4xx_hal_tim.o
 .text.TIM_OC4_SetConfig
                0x0800595c       0xac ./Drivers/STM32F4xx_HAL_Driver/Src/stm32f4xx_hal_tim.o
 .text.TIM_TI1_ConfigInputStage
                0x08005a08       0x5e ./Drivers/STM32F4xx_HAL_Driver/Src/stm32f4xx_hal_tim.o
 .text.TIM_TI2_ConfigInputStage
                0x08005a66       0x60 ./Drivers/STM32F4xx_HAL_Driver/Src/stm32f4xx_hal_tim.o
 .text.TIM_ITRx_SetConfig
                0x08005ac6       0x36 ./Drivers/STM32F4xx_HAL_Driver/Src/stm32f4xx_hal_tim.o
 .text.TIM_ETR_SetConfig
                0x08005afc       0x40 ./Drivers/STM32F4xx_HAL_Driver/Src/stm32f4xx_hal_tim.o
                0x08005afc                TIM_ETR_SetConfig
 .text.TIM_CCxChannelCmd
                0x08005b3c       0x4a ./Drivers/STM32F4xx_HAL_Driver/Src/stm32f4xx_hal_tim.o
                0x08005b3c                TIM_CCxChannelCmd
 *fill*         0x08005b86        0x2 
 .text.HAL_TIMEx_MasterConfigSynchronization
                0x08005b88       0xf8 ./Drivers/STM32F4xx_HAL_Driver/Src/stm32f4xx_hal_tim_ex.o
                0x08005b88                HAL_TIMEx_MasterConfigSynchronization
 .text.HAL_TIMEx_CommutCallback
                0x08005c80       0x14 ./Drivers/STM32F4xx_HAL_Driver/Src/stm32f4xx_hal_tim_ex.o
                0x08005c80                HAL_TIMEx_CommutCallback
 .text.HAL_TIMEx_BreakCallback
                0x08005c94       0x14 ./Drivers/STM32F4xx_HAL_Driver/Src/stm32f4xx_hal_tim_ex.o
                0x08005c94                HAL_TIMEx_BreakCallback
 .text.HAL_UART_Init
                0x08005ca8       0xa0 ./Drivers/STM32F4xx_HAL_Driver/Src/stm32f4xx_hal_uart.o
                0x08005ca8                HAL_UART_Init
 .text.HAL_UART_Transmit
                0x08005d48      0x116 ./Drivers/STM32F4xx_HAL_Driver/Src/stm32f4xx_hal_uart.o
                0x08005d48                HAL_UART_Transmit
 *fill*         0x08005e5e        0x2 
 .text.HAL_UART_IRQHandler
                0x08005e60      0x554 ./Drivers/STM32F4xx_HAL_Driver/Src/stm32f4xx_hal_uart.o
                0x08005e60                HAL_UART_IRQHandler
 .text.HAL_UART_TxCpltCallback
                0x080063b4       0x14 ./Drivers/STM32F4xx_HAL_Driver/Src/stm32f4xx_hal_uart.o
                0x080063b4                HAL_UART_TxCpltCallback
 .text.HAL_UART_RxCpltCallback
                0x080063c8       0x14 ./Drivers/STM32F4xx_HAL_Driver/Src/stm32f4xx_hal_uart.o
                0x080063c8                HAL_UART_RxCpltCallback
 .text.HAL_UART_ErrorCallback
                0x080063dc       0x14 ./Drivers/STM32F4xx_HAL_Driver/Src/stm32f4xx_hal_uart.o
                0x080063dc                HAL_UART_ErrorCallback
 .text.HAL_UARTEx_RxEventCallback
                0x080063f0       0x18 ./Drivers/STM32F4xx_HAL_Driver/Src/stm32f4xx_hal_uart.o
                0x080063f0                HAL_UARTEx_RxEventCallback
 .text.UART_WaitOnFlagUntilTimeout
                0x08006408       0xb2 ./Drivers/STM32F4xx_HAL_Driver/Src/stm32f4xx_hal_uart.o
 .text.UART_EndRxTransfer
                0x080064ba       0xc6 ./Drivers/STM32F4xx_HAL_Driver/Src/stm32f4xx_hal_uart.o
 .text.UART_DMAAbortOnError
                0x08006580       0x22 ./Drivers/STM32F4xx_HAL_Driver/Src/stm32f4xx_hal_uart.o
 .text.UART_Transmit_IT
                0x080065a2       0xa0 ./Drivers/STM32F4xx_HAL_Driver/Src/stm32f4xx_hal_uart.o
 .text.UART_EndTransmit_IT
                0x08006642       0x30 ./Drivers/STM32F4xx_HAL_Driver/Src/stm32f4xx_hal_uart.o
 .text.UART_Receive_IT
                0x08006672      0x17c ./Drivers/STM32F4xx_HAL_Driver/Src/stm32f4xx_hal_uart.o
 *fill*         0x080067ee        0x2 
 .text.UART_SetConfig
                0x080067f0      0x4e8 ./Drivers/STM32F4xx_HAL_Driver/Src/stm32f4xx_hal_uart.o
 .text.sprintf  0x08006cd8       0x44 C:/ST/STM32CubeIDE_1.19.0/STM32CubeIDE/plugins/com.st.stm32cube.ide.mcu.externaltools.gnu-tools-for-stm32.13.3.rel1.win32_1.0.0.202411081344/tools/bin/../lib/gcc/arm-none-eabi/13.3.1/../../../../arm-none-eabi/lib/thumb/v7e-m+fp/hard\libc_nano.a(libc_a-sprintf.o)
                0x08006cd8                siprintf
                0x08006cd8                sprintf
 .text.memset   0x08006d1c       0x10 C:/ST/STM32CubeIDE_1.19.0/STM32CubeIDE/plugins/com.st.stm32cube.ide.mcu.externaltools.gnu-tools-for-stm32.13.3.rel1.win32_1.0.0.202411081344/tools/bin/../lib/gcc/arm-none-eabi/13.3.1/../../../../arm-none-eabi/lib/thumb/v7e-m+fp/hard\libc_nano.a(libc_a-memset.o)
                0x08006d1c                memset
 .text.__errno  0x08006d2c        0xc C:/ST/STM32CubeIDE_1.19.0/STM32CubeIDE/plugins/com.st.stm32cube.ide.mcu.externaltools.gnu-tools-for-stm32.13.3.rel1.win32_1.0.0.202411081344/tools/bin/../lib/gcc/arm-none-eabi/13.3.1/../../../../arm-none-eabi/lib/thumb/v7e-m+fp/hard\libc_nano.a(libc_a-errno.o)
                0x08006d2c                __errno
 .text.__libc_init_array
                0x08006d38       0x48 C:/ST/STM32CubeIDE_1.19.0/STM32CubeIDE/plugins/com.st.stm32cube.ide.mcu.externaltools.gnu-tools-for-stm32.13.3.rel1.win32_1.0.0.202411081344/tools/bin/../lib/gcc/arm-none-eabi/13.3.1/../../../../arm-none-eabi/lib/thumb/v7e-m+fp/hard\libc_nano.a(libc_a-init.o)
                0x08006d38                __libc_init_array
 .text.__retarget_lock_acquire_recursive
                0x08006d80        0x2 C:/ST/STM32CubeIDE_1.19.0/STM32CubeIDE/plugins/com.st.stm32cube.ide.mcu.externaltools.gnu-tools-for-stm32.13.3.rel1.win32_1.0.0.202411081344/tools/bin/../lib/gcc/arm-none-eabi/13.3.1/../../../../arm-none-eabi/lib/thumb/v7e-m+fp/hard\libc_nano.a(libc_a-lock.o)
                0x08006d80                __retarget_lock_acquire_recursive
 .text.__retarget_lock_release_recursive
                0x08006d82        0x2 C:/ST/STM32CubeIDE_1.19.0/STM32CubeIDE/plugins/com.st.stm32cube.ide.mcu.externaltools.gnu-tools-for-stm32.13.3.rel1.win32_1.0.0.202411081344/tools/bin/../lib/gcc/arm-none-eabi/13.3.1/../../../../arm-none-eabi/lib/thumb/v7e-m+fp/hard\libc_nano.a(libc_a-lock.o)
                0x08006d82                __retarget_lock_release_recursive
 .text._free_r  0x08006d84       0x94 C:/ST/STM32CubeIDE_1.19.0/STM32CubeIDE/plugins/com.st.stm32cube.ide.mcu.externaltools.gnu-tools-for-stm32.13.3.rel1.win32_1.0.0.202411081344/tools/bin/../lib/gcc/arm-none-eabi/13.3.1/../../../../arm-none-eabi/lib/thumb/v7e-m+fp/hard\libc_nano.a(libc_a-freer.o)
                0x08006d84                _free_r
 .text.sbrk_aligned
                0x08006e18       0x44 C:/ST/STM32CubeIDE_1.19.0/STM32CubeIDE/plugins/com.st.stm32cube.ide.mcu.externaltools.gnu-tools-for-stm32.13.3.rel1.win32_1.0.0.202411081344/tools/bin/../lib/gcc/arm-none-eabi/13.3.1/../../../../arm-none-eabi/lib/thumb/v7e-m+fp/hard\libc_nano.a(libc_a-mallocr.o)
 .text._malloc_r
                0x08006e5c      0x100 C:/ST/STM32CubeIDE_1.19.0/STM32CubeIDE/plugins/com.st.stm32cube.ide.mcu.externaltools.gnu-tools-for-stm32.13.3.rel1.win32_1.0.0.202411081344/tools/bin/../lib/gcc/arm-none-eabi/13.3.1/../../../../arm-none-eabi/lib/thumb/v7e-m+fp/hard\libc_nano.a(libc_a-mallocr.o)
                0x08006e5c                _malloc_r
 .text.__malloc_lock
                0x08006f5c        0xc C:/ST/STM32CubeIDE_1.19.0/STM32CubeIDE/plugins/com.st.stm32cube.ide.mcu.externaltools.gnu-tools-for-stm32.13.3.rel1.win32_1.0.0.202411081344/tools/bin/../lib/gcc/arm-none-eabi/13.3.1/../../../../arm-none-eabi/lib/thumb/v7e-m+fp/hard\libc_nano.a(libc_a-mlock.o)
                0x08006f5c                __malloc_lock
 .text.__malloc_unlock
                0x08006f68        0xc C:/ST/STM32CubeIDE_1.19.0/STM32CubeIDE/plugins/com.st.stm32cube.ide.mcu.externaltools.gnu-tools-for-stm32.13.3.rel1.win32_1.0.0.202411081344/tools/bin/../lib/gcc/arm-none-eabi/13.3.1/../../../../arm-none-eabi/lib/thumb/v7e-m+fp/hard\libc_nano.a(libc_a-mlock.o)
                0x08006f68                __malloc_unlock
 .text.__ssputs_r
                0x08006f74       0xb6 C:/ST/STM32CubeIDE_1.19.0/STM32CubeIDE/plugins/com.st.stm32cube.ide.mcu.externaltools.gnu-tools-for-stm32.13.3.rel1.win32_1.0.0.202411081344/tools/bin/../lib/gcc/arm-none-eabi/13.3.1/../../../../arm-none-eabi/lib/thumb/v7e-m+fp/hard\libc_nano.a(libc_a-nano-svfprintf.o)
                0x08006f74                __ssputs_r
 *fill*         0x0800702a        0x2 
 .text._svfprintf_r
                0x0800702c      0x1f8 C:/ST/STM32CubeIDE_1.19.0/STM32CubeIDE/plugins/com.st.stm32cube.ide.mcu.externaltools.gnu-tools-for-stm32.13.3.rel1.win32_1.0.0.202411081344/tools/bin/../lib/gcc/arm-none-eabi/13.3.1/../../../../arm-none-eabi/lib/thumb/v7e-m+fp/hard\libc_nano.a(libc_a-nano-svfprintf.o)
                0x0800702c                _svfiprintf_r
                0x0800702c                _svfprintf_r
 .text._printf_common
                0x08007224       0xda C:/ST/STM32CubeIDE_1.19.0/STM32CubeIDE/plugins/com.st.stm32cube.ide.mcu.externaltools.gnu-tools-for-stm32.13.3.rel1.win32_1.0.0.202411081344/tools/bin/../lib/gcc/arm-none-eabi/13.3.1/../../../../arm-none-eabi/lib/thumb/v7e-m+fp/hard\libc_nano.a(libc_a-nano-vfprintf_i.o)
                0x08007224                _printf_common
 *fill*         0x080072fe        0x2 
 .text._printf_i
                0x08007300      0x23c C:/ST/STM32CubeIDE_1.19.0/STM32CubeIDE/plugins/com.st.stm32cube.ide.mcu.externaltools.gnu-tools-for-stm32.13.3.rel1.win32_1.0.0.202411081344/tools/bin/../lib/gcc/arm-none-eabi/13.3.1/../../../../arm-none-eabi/lib/thumb/v7e-m+fp/hard\libc_nano.a(libc_a-nano-vfprintf_i.o)
                0x08007300                _printf_i
 .text.memmove  0x0800753c       0x34 C:/ST/STM32CubeIDE_1.19.0/STM32CubeIDE/plugins/com.st.stm32cube.ide.mcu.externaltools.gnu-tools-for-stm32.13.3.rel1.win32_1.0.0.202411081344/tools/bin/../lib/gcc/arm-none-eabi/13.3.1/../../../../arm-none-eabi/lib/thumb/v7e-m+fp/hard\libc_nano.a(libc_a-memmove.o)
                0x0800753c                memmove
 .text._sbrk_r  0x08007570       0x20 C:/ST/STM32CubeIDE_1.19.0/STM32CubeIDE/plugins/com.st.stm32cube.ide.mcu.externaltools.gnu-tools-for-stm32.13.3.rel1.win32_1.0.0.202411081344/tools/bin/../lib/gcc/arm-none-eabi/13.3.1/../../../../arm-none-eabi/lib/thumb/v7e-m+fp/hard\libc_nano.a(libc_a-sbrkr.o)
                0x08007570                _sbrk_r
 .text.memcpy   0x08007590       0x1c C:/ST/STM32CubeIDE_1.19.0/STM32CubeIDE/plugins/com.st.stm32cube.ide.mcu.externaltools.gnu-tools-for-stm32.13.3.rel1.win32_1.0.0.202411081344/tools/bin/../lib/gcc/arm-none-eabi/13.3.1/../../../../arm-none-eabi/lib/thumb/v7e-m+fp/hard\libc_nano.a(libc_a-memcpy-stub.o)
                0x08007590                memcpy
 .text._realloc_r
                0x080075ac       0x5c C:/ST/STM32CubeIDE_1.19.0/STM32CubeIDE/plugins/com.st.stm32cube.ide.mcu.externaltools.gnu-tools-for-stm32.13.3.rel1.win32_1.0.0.202411081344/tools/bin/../lib/gcc/arm-none-eabi/13.3.1/../../../../arm-none-eabi/lib/thumb/v7e-m+fp/hard\libc_nano.a(libc_a-reallocr.o)
                0x080075ac                _realloc_r
 .text._malloc_usable_size_r
                0x08007608       0x10 C:/ST/STM32CubeIDE_1.19.0/STM32CubeIDE/plugins/com.st.stm32cube.ide.mcu.externaltools.gnu-tools-for-stm32.13.3.rel1.win32_1.0.0.202411081344/tools/bin/../lib/gcc/arm-none-eabi/13.3.1/../../../../arm-none-eabi/lib/thumb/v7e-m+fp/hard\libc_nano.a(libc_a-msizer.o)
                0x08007608                _malloc_usable_size_r
 *(.glue_7)
 .glue_7        0x08007618        0x0 linker stubs
 *(.glue_7t)
 .glue_7t       0x08007618        0x0 linker stubs
 *(.eh_frame)
 .eh_frame      0x08007618        0x0 C:/ST/STM32CubeIDE_1.19.0/STM32CubeIDE/plugins/com.st.stm32cube.ide.mcu.externaltools.gnu-tools-for-stm32.13.3.rel1.win32_1.0.0.202411081344/tools/bin/../lib/gcc/arm-none-eabi/13.3.1/thumb/v7e-m+fp/hard/crtbegin.o
 *(.init)
 .init          0x08007618        0x4 C:/ST/STM32CubeIDE_1.19.0/STM32CubeIDE/plugins/com.st.stm32cube.ide.mcu.externaltools.gnu-tools-for-stm32.13.3.rel1.win32_1.0.0.202411081344/tools/bin/../lib/gcc/arm-none-eabi/13.3.1/thumb/v7e-m+fp/hard/crti.o
                0x08007618                _init
 .init          0x0800761c        0x8 C:/ST/STM32CubeIDE_1.19.0/STM32CubeIDE/plugins/com.st.stm32cube.ide.mcu.externaltools.gnu-tools-for-stm32.13.3.rel1.win32_1.0.0.202411081344/tools/bin/../lib/gcc/arm-none-eabi/13.3.1/thumb/v7e-m+fp/hard/crtn.o
 *(.fini)
 .fini          0x08007624        0x4 C:/ST/STM32CubeIDE_1.19.0/STM32CubeIDE/plugins/com.st.stm32cube.ide.mcu.externaltools.gnu-tools-for-stm32.13.3.rel1.win32_1.0.0.202411081344/tools/bin/../lib/gcc/arm-none-eabi/13.3.1/thumb/v7e-m+fp/hard/crti.o
                0x08007624                _fini
 .fini          0x08007628        0x8 C:/ST/STM32CubeIDE_1.19.0/STM32CubeIDE/plugins/com.st.stm32cube.ide.mcu.externaltools.gnu-tools-for-stm32.13.3.rel1.win32_1.0.0.202411081344/tools/bin/../lib/gcc/arm-none-eabi/13.3.1/thumb/v7e-m+fp/hard/crtn.o
                0x08007630                        . = ALIGN (0x4)
                0x08007630                        _etext = .

.vfp11_veneer   0x08007630        0x0
 .vfp11_veneer  0x08007630        0x0 linker stubs

.v4_bx          0x08007630        0x0
 .v4_bx         0x08007630        0x0 linker stubs

.iplt           0x08007630        0x0
 .iplt          0x08007630        0x0 C:/ST/STM32CubeIDE_1.19.0/STM32CubeIDE/plugins/com.st.stm32cube.ide.mcu.externaltools.gnu-tools-for-stm32.13.3.rel1.win32_1.0.0.202411081344/tools/bin/../lib/gcc/arm-none-eabi/13.3.1/thumb/v7e-m+fp/hard/crtbegin.o

.rodata         0x08007630      0x1ac
                0x08007630                        . = ALIGN (0x4)
 *(.rodata)
 .rodata        0x08007630      0x10b ./Core/Src/garland.o
 *fill*         0x0800773b        0x1 
 .rodata        0x0800773c       0x12 ./Core/Src/input_handler.o
 *fill*         0x0800774e        0x2 
 .rodata        0x08007750       0x3e ./Core/Src/main.o
 *(.rodata*)
 *fill*         0x0800778e        0x2 
 .rodata.AHBPrescTable
                0x08007790       0x10 ./Core/Src/system_stm32f4xx.o
                0x08007790                AHBPrescTable
 .rodata.APBPrescTable
                0x080077a0        0x8 ./Core/Src/system_stm32f4xx.o
                0x080077a0                APBPrescTable
 .rodata._svfprintf_r.str1.1
                0x080077a8       0x33 C:/ST/STM32CubeIDE_1.19.0/STM32CubeIDE/plugins/com.st.stm32cube.ide.mcu.externaltools.gnu-tools-for-stm32.13.3.rel1.win32_1.0.0.202411081344/tools/bin/../lib/gcc/arm-none-eabi/13.3.1/../../../../arm-none-eabi/lib/thumb/v7e-m+fp/hard\libc_nano.a(libc_a-nano-svfprintf.o)
                                 0x11 (size before relaxing)
 .rodata._printf_i.str1.1
                0x080077db       0x22 C:/ST/STM32CubeIDE_1.19.0/STM32CubeIDE/plugins/com.st.stm32cube.ide.mcu.externaltools.gnu-tools-for-stm32.13.3.rel1.win32_1.0.0.202411081344/tools/bin/../lib/gcc/arm-none-eabi/13.3.1/../../../../arm-none-eabi/lib/thumb/v7e-m+fp/hard\libc_nano.a(libc_a-nano-vfprintf_i.o)
                0x08007800                        . = ALIGN (0x4)
 *fill*         0x080077db        0x1 

.ARM.extab      0x080077dc        0x0
                0x080077dc                        . = ALIGN (0x4)
 *(.ARM.extab* .gnu.linkonce.armextab.*)
                0x080077dc                        . = ALIGN (0x4)

.ARM            0x080077dc        0x8
                0x080077dc                        . = ALIGN (0x4)
                0x080077dc                        __exidx_start = .
 *(.ARM.exidx*)
 .ARM.exidx     0x080077dc        0x8 C:/ST/STM32CubeIDE_1.19.0/STM32CubeIDE/plugins/com.st.stm32cube.ide.mcu.externaltools.gnu-tools-for-stm32.13.3.rel1.win32_1.0.0.202411081344/tools/bin/../lib/gcc/arm-none-eabi/13.3.1/../../../../arm-none-eabi/lib/thumb/v7e-m+fp/hard\libc_nano.a(libc_a-strlen.o)
 .ARM.exidx     0x080077e4        0x0 C:/ST/STM32CubeIDE_1.19.0/STM32CubeIDE/plugins/com.st.stm32cube.ide.mcu.externaltools.gnu-tools-for-stm32.13.3.rel1.win32_1.0.0.202411081344/tools/bin/../lib/gcc/arm-none-eabi/13.3.1/../../../../arm-none-eabi/lib/thumb/v7e-m+fp/hard\libc_nano.a(libc_a-memchr.o)
                                  0x8 (size before relaxing)
 .ARM.exidx     0x080077e4        0x0 C:/ST/STM32CubeIDE_1.19.0/STM32CubeIDE/plugins/com.st.stm32cube.ide.mcu.externaltools.gnu-tools-for-stm32.13.3.rel1.win32_1.0.0.202411081344/tools/bin/../lib/gcc/arm-none-eabi/13.3.1/thumb/v7e-m+fp/hard\libgcc.a(_udivmoddi4.o)
                                  0x8 (size before relaxing)
                0x080077e4                        __exidx_end = .
                0x080077e4                        . = ALIGN (0x4)

.preinit_array  0x080077e4        0x0
                0x080077e4                        . = ALIGN (0x4)
                0x080077e4                        PROVIDE (__preinit_array_start = .)
 *(.preinit_array*)
                0x080077e4                        PROVIDE (__preinit_array_end = .)
                0x080077e4                        . = ALIGN (0x4)

.init_array     0x080077e4        0x4
                0x080077e4                        . = ALIGN (0x4)
                0x080077e4                        PROVIDE (__init_array_start = .)
 *(SORT_BY_NAME(.init_array.*))
 *(.init_array*)
 .init_array    0x080077e4        0x4 C:/ST/STM32CubeIDE_1.19.0/STM32CubeIDE/plugins/com.st.stm32cube.ide.mcu.externaltools.gnu-tools-for-stm32.13.3.rel1.win32_1.0.0.202411081344/tools/bin/../lib/gcc/arm-none-eabi/13.3.1/thumb/v7e-m+fp/hard/crtbegin.o
                0x080077e8                        PROVIDE (__init_array_end = .)
                0x080077e8                        . = ALIGN (0x4)

.fini_array     0x080077e8        0x4
                0x080077e8                        . = ALIGN (0x4)
                [!provide]                        PROVIDE (__fini_array_start = .)
 *(SORT_BY_NAME(.fini_array.*))
 *(.fini_array*)
 .fini_array    0x080077e8        0x4 C:/ST/STM32CubeIDE_1.19.0/STM32CubeIDE/plugins/com.st.stm32cube.ide.mcu.externaltools.gnu-tools-for-stm32.13.3.rel1.win32_1.0.0.202411081344/tools/bin/../lib/gcc/arm-none-eabi/13.3.1/thumb/v7e-m+fp/hard/crtbegin.o
                [!provide]                        PROVIDE (__fini_array_end = .)
                0x080077ec                        . = ALIGN (0x4)
                0x080077ec                        _sidata = LOADADDR (.data)

.rel.dyn        0x080077ec        0x0
 .rel.iplt      0x080077ec        0x0 C:/ST/STM32CubeIDE_1.19.0/STM32CubeIDE/plugins/com.st.stm32cube.ide.mcu.externaltools.gnu-tools-for-stm32.13.3.rel1.win32_1.0.0.202411081344/tools/bin/../lib/gcc/arm-none-eabi/13.3.1/thumb/v7e-m+fp/hard/crtbegin.o

.data           0x20000000       0x84 load address 0x080077ec
                0x20000000                        . = ALIGN (0x4)
                0x20000000                        _sdata = .
 *(.data)
 *(.data*)
 .data.button_state
                0x20000000        0x1 ./Core/Src/button_driver.o
                0x20000000                button_state
 .data.last_reading
                0x20000001        0x1 ./Core/Src/button_driver.o
                0x20000001                last_reading
 *fill*         0x20000002        0x2 
 .data.GPIOx    0x20000004        0x4 ./Core/Src/button_driver.o
                0x20000004                GPIOx
 .data.GPIO_Pin
                0x20000008        0x2 ./Core/Src/button_driver.o
                0x20000008                GPIO_Pin
 *fill*         0x2000000a        0x2 
 .data.speed    0x2000000c        0x4 ./Core/Src/garland.o
                0x2000000c                speed
 .data.sign1    0x20000010        0x4 ./Core/Src/garland.o
                0x20000010                sign1
 .data.sign2    0x20000014        0x4 ./Core/Src/garland.o
                0x20000014                sign2
 .data.reset_state
                0x20000018        0x1 ./Core/Src/garland.o
                0x20000018                reset_state
 *fill*         0x20000019        0x3 
 .data.user_mode_max_light
                0x2000001c        0x4 ./Core/Src/garland.o
                0x2000001c                user_mode_max_light
 .data.user_mode_green_init_light
                0x20000020        0x4 ./Core/Src/garland.o
                0x20000020                user_mode_green_init_light
 .data.inversion_config
                0x20000024        0x1 ./Core/Src/i2c_driver.o
                0x20000024                inversion_config
 *fill*         0x20000025        0x3 
 .data.SystemCoreClock
                0x20000028        0x4 ./Core/Src/system_stm32f4xx.o
                0x20000028                SystemCoreClock
 .data.uwTickPrio
                0x2000002c        0x4 ./Drivers/STM32F4xx_HAL_Driver/Src/stm32f4xx_hal.o
                0x2000002c                uwTickPrio
 .data.uwTickFreq
                0x20000030        0x1 ./Drivers/STM32F4xx_HAL_Driver/Src/stm32f4xx_hal.o
                0x20000030                uwTickFreq
 *fill*         0x20000031        0x3 
 .data._impure_ptr
                0x20000034        0x4 C:/ST/STM32CubeIDE_1.19.0/STM32CubeIDE/plugins/com.st.stm32cube.ide.mcu.externaltools.gnu-tools-for-stm32.13.3.rel1.win32_1.0.0.202411081344/tools/bin/../lib/gcc/arm-none-eabi/13.3.1/../../../../arm-none-eabi/lib/thumb/v7e-m+fp/hard\libc_nano.a(libc_a-impure.o)
                0x20000034                _impure_ptr
 .data._impure_data
                0x20000038       0x4c C:/ST/STM32CubeIDE_1.19.0/STM32CubeIDE/plugins/com.st.stm32cube.ide.mcu.externaltools.gnu-tools-for-stm32.13.3.rel1.win32_1.0.0.202411081344/tools/bin/../lib/gcc/arm-none-eabi/13.3.1/../../../../arm-none-eabi/lib/thumb/v7e-m+fp/hard\libc_nano.a(libc_a-impure.o)
                0x20000038                _impure_data
 *(.RamFunc)
 *(.RamFunc*)
                0x20000084                        . = ALIGN (0x4)
                0x20000084                        _edata = .
                0x08007870                        _siccmram = LOADADDR (.ccmram)

.igot.plt       0x20000084        0x0 load address 0x08007870
 .igot.plt      0x20000084        0x0 C:/ST/STM32CubeIDE_1.19.0/STM32CubeIDE/plugins/com.st.stm32cube.ide.mcu.externaltools.gnu-tools-for-stm32.13.3.rel1.win32_1.0.0.202411081344/tools/bin/../lib/gcc/arm-none-eabi/13.3.1/thumb/v7e-m+fp/hard/crtbegin.o

.ccmram         0x10000000        0x0 load address 0x08007870
                0x10000000                        . = ALIGN (0x4)
                0x10000000                        _sccmram = .
 *(.ccmram)
 *(.ccmram*)
                0x10000000                        . = ALIGN (0x4)
                0x10000000                        _eccmram = .
                0x10000000                        . = ALIGN (0x4)

.bss            0x20000084      0x3c4
                0x20000084                        _sbss = .
                0x20000084                        __bss_start__ = _sbss
 *(.bss)
 .bss           0x20000084       0x1c C:/ST/STM32CubeIDE_1.19.0/STM32CubeIDE/plugins/com.st.stm32cube.ide.mcu.externaltools.gnu-tools-for-stm32.13.3.rel1.win32_1.0.0.202411081344/tools/bin/../lib/gcc/arm-none-eabi/13.3.1/thumb/v7e-m+fp/hard/crtbegin.o
 *(.bss*)
 .bss.last_deb_time
                0x200000a0        0x4 ./Core/Src/button_driver.o
                0x200000a0                last_deb_time
 .bss.last_move_time
                0x200000a4        0x4 ./Core/Src/button_driver.o
                0x200000a4                last_move_time
 .bss.mode      0x200000a8        0x1 ./Core/Src/garland.o
                0x200000a8                mode
 *fill*         0x200000a9        0x3 
 .bss.user_mode_speed
                0x200000ac        0x4 ./Core/Src/garland.o
                0x200000ac                user_mode_speed
 .bss.accurate_value1
                0x200000b0        0x4 ./Core/Src/garland.o
                0x200000b0                accurate_value1
 .bss.accurate_value2
                0x200000b4        0x4 ./Core/Src/garland.o
                0x200000b4                accurate_value2
 .bss.value1    0x200000b8        0x4 ./Core/Src/garland.o
                0x200000b8                value1
 .bss.value2    0x200000bc        0x4 ./Core/Src/garland.o
                0x200000bc                value2
 .bss.info_buf  0x200000c0       0x80 ./Core/Src/garland.o
                0x200000c0                info_buf
 .bss.user_mode_color
                0x20000140        0x1 ./Core/Src/garland.o
                0x20000140                user_mode_color
 *fill*         0x20000141        0x3 
 .bss.hi2c1     0x20000144       0x54 ./Core/Src/i2c.o
                0x20000144                hi2c1
 .bss.last_deb_times
                0x20000198       0x30 ./Core/Src/i2c_driver.o
                0x20000198                last_deb_times
 .bss.last_move_times
                0x200001c8       0x30 ./Core/Src/i2c_driver.o
                0x200001c8                last_move_times
 .bss.was_several_buttons_pressed
                0x200001f8        0x1 ./Core/Src/i2c_driver.o
                0x200001f8                was_several_buttons_pressed
 *fill*         0x200001f9        0x3 
 .bss.buttons_state
                0x200001fc        0xc ./Core/Src/i2c_driver.o
                0x200001fc                buttons_state
 .bss.last_buttons_state
                0x20000208        0xc ./Core/Src/i2c_driver.o
                0x20000208                last_buttons_state
 .bss.curr_buttons_state
                0x20000214        0xc ./Core/Src/i2c_driver.o
                0x20000214                curr_buttons_state
 .bss.__sbrk_heap_end
                0x20000220        0x4 ./Core/Src/sysmem.o
 .bss.htim4     0x20000224       0x48 ./Core/Src/tim.o
                0x20000224                htim4
 .bss.htim6     0x2000026c       0x48 ./Core/Src/tim.o
                0x2000026c                htim6
 .bss.huart6    0x200002b4       0x48 ./Core/Src/usart.o
                0x200002b4                huart6
 .bss.uwTick    0x200002fc        0x4 ./Drivers/STM32F4xx_HAL_Driver/Src/stm32f4xx_hal.o
                0x200002fc                uwTick
 .bss.__sf      0x20000300      0x138 C:/ST/STM32CubeIDE_1.19.0/STM32CubeIDE/plugins/com.st.stm32cube.ide.mcu.externaltools.gnu-tools-for-stm32.13.3.rel1.win32_1.0.0.202411081344/tools/bin/../lib/gcc/arm-none-eabi/13.3.1/../../../../arm-none-eabi/lib/thumb/v7e-m+fp/hard\libc_nano.a(libc_a-findfp.o)
                0x20000300                __sf
 .bss.errno     0x20000438        0x4 C:/ST/STM32CubeIDE_1.19.0/STM32CubeIDE/plugins/com.st.stm32cube.ide.mcu.externaltools.gnu-tools-for-stm32.13.3.rel1.win32_1.0.0.202411081344/tools/bin/../lib/gcc/arm-none-eabi/13.3.1/../../../../arm-none-eabi/lib/thumb/v7e-m+fp/hard\libc_nano.a(libc_a-reent.o)
                0x20000438                errno
 .bss.__lock___malloc_recursive_mutex
                0x2000043c        0x1 C:/ST/STM32CubeIDE_1.19.0/STM32CubeIDE/plugins/com.st.stm32cube.ide.mcu.externaltools.gnu-tools-for-stm32.13.3.rel1.win32_1.0.0.202411081344/tools/bin/../lib/gcc/arm-none-eabi/13.3.1/../../../../arm-none-eabi/lib/thumb/v7e-m+fp/hard\libc_nano.a(libc_a-lock.o)
                0x2000043c                __lock___malloc_recursive_mutex
 *fill*         0x2000043d        0x3 
 .bss.__malloc_sbrk_start
                0x20000440        0x4 C:/ST/STM32CubeIDE_1.19.0/STM32CubeIDE/plugins/com.st.stm32cube.ide.mcu.externaltools.gnu-tools-for-stm32.13.3.rel1.win32_1.0.0.202411081344/tools/bin/../lib/gcc/arm-none-eabi/13.3.1/../../../../arm-none-eabi/lib/thumb/v7e-m+fp/hard\libc_nano.a(libc_a-mallocr.o)
                0x20000440                __malloc_sbrk_start
 .bss.__malloc_free_list
                0x20000444        0x4 C:/ST/STM32CubeIDE_1.19.0/STM32CubeIDE/plugins/com.st.stm32cube.ide.mcu.externaltools.gnu-tools-for-stm32.13.3.rel1.win32_1.0.0.202411081344/tools/bin/../lib/gcc/arm-none-eabi/13.3.1/../../../../arm-none-eabi/lib/thumb/v7e-m+fp/hard\libc_nano.a(libc_a-mallocr.o)
                0x20000444                __malloc_free_list
 *(COMMON)
                0x20000448                        . = ALIGN (0x4)
                0x20000448                        _ebss = .
                0x20000448                        __bss_end__ = _ebss

._user_heap_stack
                0x20000448      0x600
                0x20000448                        . = ALIGN (0x8)
                [!provide]                        PROVIDE (end = .)
                0x20000448                        PROVIDE (_end = .)
                0x20000648                        . = (. + _Min_Heap_Size)
 *fill*         0x20000448      0x200 
                0x20000a48                        . = (. + _Min_Stack_Size)
 *fill*         0x20000648      0x400 
                0x20000a48                        . = ALIGN (0x8)

/DISCARD/
 libc.a(*)
 libm.a(*)
 libgcc.a(*)

.ARM.attributes
                0x00000000       0x30
 *(.ARM.attributes)
 .ARM.attributes
                0x00000000       0x22 C:/ST/STM32CubeIDE_1.19.0/STM32CubeIDE/plugins/com.st.stm32cube.ide.mcu.externaltools.gnu-tools-for-stm32.13.3.rel1.win32_1.0.0.202411081344/tools/bin/../lib/gcc/arm-none-eabi/13.3.1/thumb/v7e-m+fp/hard/crti.o
 .ARM.attributes
                0x00000022       0x34 C:/ST/STM32CubeIDE_1.19.0/STM32CubeIDE/plugins/com.st.stm32cube.ide.mcu.externaltools.gnu-tools-for-stm32.13.3.rel1.win32_1.0.0.202411081344/tools/bin/../lib/gcc/arm-none-eabi/13.3.1/thumb/v7e-m+fp/hard/crtbegin.o
 .ARM.attributes
                0x00000056       0x34 ./Core/Src/button_driver.o
 .ARM.attributes
                0x0000008a       0x34 ./Core/Src/garland.o
 .ARM.attributes
                0x000000be       0x34 ./Core/Src/gpio.o
 .ARM.attributes
                0x000000f2       0x34 ./Core/Src/i2c.o
 .ARM.attributes
                0x00000126       0x34 ./Core/Src/i2c_driver.o
 .ARM.attributes
                0x0000015a       0x34 ./Core/Src/input_handler.o
 .ARM.attributes
                0x0000018e       0x34 ./Core/Src/main.o
 .ARM.attributes
                0x000001c2       0x34 ./Core/Src/stm32f4xx_hal_msp.o
 .ARM.attributes
                0x000001f6       0x34 ./Core/Src/stm32f4xx_it.o
 .ARM.attributes
                0x0000022a       0x34 ./Core/Src/sysmem.o
 .ARM.attributes
                0x0000025e       0x34 ./Core/Src/system_stm32f4xx.o
 .ARM.attributes
                0x00000292       0x34 ./Core/Src/tim.o
 .ARM.attributes
                0x000002c6       0x34 ./Core/Src/uart_buf.o
 .ARM.attributes
                0x000002fa       0x34 ./Core/Src/usart.o
 .ARM.attributes
                0x0000032e       0x21 ./Core/Startup/startup_stm32f427vitx.o
 .ARM.attributes
                0x0000034f       0x34 ./Drivers/STM32F4xx_HAL_Driver/Src/stm32f4xx_hal.o
 .ARM.attributes
                0x00000383       0x34 ./Drivers/STM32F4xx_HAL_Driver/Src/stm32f4xx_hal_cortex.o
 .ARM.attributes
                0x000003b7       0x34 ./Drivers/STM32F4xx_HAL_Driver/Src/stm32f4xx_hal_dma.o
 .ARM.attributes
                0x000003eb       0x34 ./Drivers/STM32F4xx_HAL_Driver/Src/stm32f4xx_hal_gpio.o
 .ARM.attributes
                0x0000041f       0x34 ./Drivers/STM32F4xx_HAL_Driver/Src/stm32f4xx_hal_i2c.o
 .ARM.attributes
                0x00000453       0x34 ./Drivers/STM32F4xx_HAL_Driver/Src/stm32f4xx_hal_i2c_ex.o
 .ARM.attributes
                0x00000487       0x34 ./Drivers/STM32F4xx_HAL_Driver/Src/stm32f4xx_hal_pwr_ex.o
 .ARM.attributes
                0x000004bb       0x34 ./Drivers/STM32F4xx_HAL_Driver/Src/stm32f4xx_hal_rcc.o
 .ARM.attributes
                0x000004ef       0x34 ./Drivers/STM32F4xx_HAL_Driver/Src/stm32f4xx_hal_tim.o
 .ARM.attributes
                0x00000523       0x34 ./Drivers/STM32F4xx_HAL_Driver/Src/stm32f4xx_hal_tim_ex.o
 .ARM.attributes
                0x00000557       0x34 ./Drivers/STM32F4xx_HAL_Driver/Src/stm32f4xx_hal_uart.o
 .ARM.attributes
                0x0000058b       0x34 C:/ST/STM32CubeIDE_1.19.0/STM32CubeIDE/plugins/com.st.stm32cube.ide.mcu.externaltools.gnu-tools-for-stm32.13.3.rel1.win32_1.0.0.202411081344/tools/bin/../lib/gcc/arm-none-eabi/13.3.1/../../../../arm-none-eabi/lib/thumb/v7e-m+fp/hard\libc_nano.a(libc_a-findfp.o)
 .ARM.attributes
                0x000005bf       0x34 C:/ST/STM32CubeIDE_1.19.0/STM32CubeIDE/plugins/com.st.stm32cube.ide.mcu.externaltools.gnu-tools-for-stm32.13.3.rel1.win32_1.0.0.202411081344/tools/bin/../lib/gcc/arm-none-eabi/13.3.1/../../../../arm-none-eabi/lib/thumb/v7e-m+fp/hard\libc_nano.a(libc_a-sprintf.o)
 .ARM.attributes
                0x000005f3       0x34 C:/ST/STM32CubeIDE_1.19.0/STM32CubeIDE/plugins/com.st.stm32cube.ide.mcu.externaltools.gnu-tools-for-stm32.13.3.rel1.win32_1.0.0.202411081344/tools/bin/../lib/gcc/arm-none-eabi/13.3.1/../../../../arm-none-eabi/lib/thumb/v7e-m+fp/hard\libc_nano.a(libc_a-memset.o)
 .ARM.attributes
                0x00000627       0x34 C:/ST/STM32CubeIDE_1.19.0/STM32CubeIDE/plugins/com.st.stm32cube.ide.mcu.externaltools.gnu-tools-for-stm32.13.3.rel1.win32_1.0.0.202411081344/tools/bin/../lib/gcc/arm-none-eabi/13.3.1/../../../../arm-none-eabi/lib/thumb/v7e-m+fp/hard\libc_nano.a(libc_a-reent.o)
 .ARM.attributes
                0x0000065b       0x34 C:/ST/STM32CubeIDE_1.19.0/STM32CubeIDE/plugins/com.st.stm32cube.ide.mcu.externaltools.gnu-tools-for-stm32.13.3.rel1.win32_1.0.0.202411081344/tools/bin/../lib/gcc/arm-none-eabi/13.3.1/../../../../arm-none-eabi/lib/thumb/v7e-m+fp/hard\libc_nano.a(libc_a-impure.o)
 .ARM.attributes
                0x0000068f       0x34 C:/ST/STM32CubeIDE_1.19.0/STM32CubeIDE/plugins/com.st.stm32cube.ide.mcu.externaltools.gnu-tools-for-stm32.13.3.rel1.win32_1.0.0.202411081344/tools/bin/../lib/gcc/arm-none-eabi/13.3.1/../../../../arm-none-eabi/lib/thumb/v7e-m+fp/hard\libc_nano.a(libc_a-errno.o)
 .ARM.attributes
                0x000006c3       0x34 C:/ST/STM32CubeIDE_1.19.0/STM32CubeIDE/plugins/com.st.stm32cube.ide.mcu.externaltools.gnu-tools-for-stm32.13.3.rel1.win32_1.0.0.202411081344/tools/bin/../lib/gcc/arm-none-eabi/13.3.1/../../../../arm-none-eabi/lib/thumb/v7e-m+fp/hard\libc_nano.a(libc_a-init.o)
 .ARM.attributes
                0x000006f7       0x34 C:/ST/STM32CubeIDE_1.19.0/STM32CubeIDE/plugins/com.st.stm32cube.ide.mcu.externaltools.gnu-tools-for-stm32.13.3.rel1.win32_1.0.0.202411081344/tools/bin/../lib/gcc/arm-none-eabi/13.3.1/../../../../arm-none-eabi/lib/thumb/v7e-m+fp/hard\libc_nano.a(libc_a-lock.o)
 .ARM.attributes
                0x0000072b       0x17 C:/ST/STM32CubeIDE_1.19.0/STM32CubeIDE/plugins/com.st.stm32cube.ide.mcu.externaltools.gnu-tools-for-stm32.13.3.rel1.win32_1.0.0.202411081344/tools/bin/../lib/gcc/arm-none-eabi/13.3.1/../../../../arm-none-eabi/lib/thumb/v7e-m+fp/hard\libc_nano.a(libc_a-strlen.o)
 .ARM.attributes
                0x00000742       0x34 C:/ST/STM32CubeIDE_1.19.0/STM32CubeIDE/plugins/com.st.stm32cube.ide.mcu.externaltools.gnu-tools-for-stm32.13.3.rel1.win32_1.0.0.202411081344/tools/bin/../lib/gcc/arm-none-eabi/13.3.1/../../../../arm-none-eabi/lib/thumb/v7e-m+fp/hard\libc_nano.a(libc_a-freer.o)
 .ARM.attributes
                0x00000776       0x34 C:/ST/STM32CubeIDE_1.19.0/STM32CubeIDE/plugins/com.st.stm32cube.ide.mcu.externaltools.gnu-tools-for-stm32.13.3.rel1.win32_1.0.0.202411081344/tools/bin/../lib/gcc/arm-none-eabi/13.3.1/../../../../arm-none-eabi/lib/thumb/v7e-m+fp/hard\libc_nano.a(libc_a-mallocr.o)
 .ARM.attributes
                0x000007aa       0x34 C:/ST/STM32CubeIDE_1.19.0/STM32CubeIDE/plugins/com.st.stm32cube.ide.mcu.externaltools.gnu-tools-for-stm32.13.3.rel1.win32_1.0.0.202411081344/tools/bin/../lib/gcc/arm-none-eabi/13.3.1/../../../../arm-none-eabi/lib/thumb/v7e-m+fp/hard\libc_nano.a(libc_a-mlock.o)
 .ARM.attributes
                0x000007de       0x34 C:/ST/STM32CubeIDE_1.19.0/STM32CubeIDE/plugins/com.st.stm32cube.ide.mcu.externaltools.gnu-tools-for-stm32.13.3.rel1.win32_1.0.0.202411081344/tools/bin/../lib/gcc/arm-none-eabi/13.3.1/../../../../arm-none-eabi/lib/thumb/v7e-m+fp/hard\libc_nano.a(libc_a-nano-svfprintf.o)
 .ARM.attributes
                0x00000812       0x34 C:/ST/STM32CubeIDE_1.19.0/STM32CubeIDE/plugins/com.st.stm32cube.ide.mcu.externaltools.gnu-tools-for-stm32.13.3.rel1.win32_1.0.0.202411081344/tools/bin/../lib/gcc/arm-none-eabi/13.3.1/../../../../arm-none-eabi/lib/thumb/v7e-m+fp/hard\libc_nano.a(libc_a-nano-vfprintf_i.o)
 .ARM.attributes
                0x00000846       0x34 C:/ST/STM32CubeIDE_1.19.0/STM32CubeIDE/plugins/com.st.stm32cube.ide.mcu.externaltools.gnu-tools-for-stm32.13.3.rel1.win32_1.0.0.202411081344/tools/bin/../lib/gcc/arm-none-eabi/13.3.1/../../../../arm-none-eabi/lib/thumb/v7e-m+fp/hard\libc_nano.a(libc_a-memmove.o)
 .ARM.attributes
                0x0000087a       0x34 C:/ST/STM32CubeIDE_1.19.0/STM32CubeIDE/plugins/com.st.stm32cube.ide.mcu.externaltools.gnu-tools-for-stm32.13.3.rel1.win32_1.0.0.202411081344/tools/bin/../lib/gcc/arm-none-eabi/13.3.1/../../../../arm-none-eabi/lib/thumb/v7e-m+fp/hard\libc_nano.a(libc_a-sbrkr.o)
 .ARM.attributes
                0x000008ae       0x1c C:/ST/STM32CubeIDE_1.19.0/STM32CubeIDE/plugins/com.st.stm32cube.ide.mcu.externaltools.gnu-tools-for-stm32.13.3.rel1.win32_1.0.0.202411081344/tools/bin/../lib/gcc/arm-none-eabi/13.3.1/../../../../arm-none-eabi/lib/thumb/v7e-m+fp/hard\libc_nano.a(libc_a-memchr.o)
 .ARM.attributes
                0x000008ca       0x34 C:/ST/STM32CubeIDE_1.19.0/STM32CubeIDE/plugins/com.st.stm32cube.ide.mcu.externaltools.gnu-tools-for-stm32.13.3.rel1.win32_1.0.0.202411081344/tools/bin/../lib/gcc/arm-none-eabi/13.3.1/../../../../arm-none-eabi/lib/thumb/v7e-m+fp/hard\libc_nano.a(libc_a-memcpy-stub.o)
 .ARM.attributes
                0x000008fe       0x34 C:/ST/STM32CubeIDE_1.19.0/STM32CubeIDE/plugins/com.st.stm32cube.ide.mcu.externaltools.gnu-tools-for-stm32.13.3.rel1.win32_1.0.0.202411081344/tools/bin/../lib/gcc/arm-none-eabi/13.3.1/../../../../arm-none-eabi/lib/thumb/v7e-m+fp/hard\libc_nano.a(libc_a-reallocr.o)
 .ARM.attributes
                0x00000932       0x34 C:/ST/STM32CubeIDE_1.19.0/STM32CubeIDE/plugins/com.st.stm32cube.ide.mcu.externaltools.gnu-tools-for-stm32.13.3.rel1.win32_1.0.0.202411081344/tools/bin/../lib/gcc/arm-none-eabi/13.3.1/../../../../arm-none-eabi/lib/thumb/v7e-m+fp/hard\libc_nano.a(libc_a-msizer.o)
 .ARM.attributes
                0x00000966       0x22 C:/ST/STM32CubeIDE_1.19.0/STM32CubeIDE/plugins/com.st.stm32cube.ide.mcu.externaltools.gnu-tools-for-stm32.13.3.rel1.win32_1.0.0.202411081344/tools/bin/../lib/gcc/arm-none-eabi/13.3.1/thumb/v7e-m+fp/hard\libgcc.a(_arm_addsubdf3.o)
 .ARM.attributes
                0x00000988       0x22 C:/ST/STM32CubeIDE_1.19.0/STM32CubeIDE/plugins/com.st.stm32cube.ide.mcu.externaltools.gnu-tools-for-stm32.13.3.rel1.win32_1.0.0.202411081344/tools/bin/../lib/gcc/arm-none-eabi/13.3.1/thumb/v7e-m+fp/hard\libgcc.a(_arm_muldivdf3.o)
 .ARM.attributes
                0x000009aa       0x22 C:/ST/STM32CubeIDE_1.19.0/STM32CubeIDE/plugins/com.st.stm32cube.ide.mcu.externaltools.gnu-tools-for-stm32.13.3.rel1.win32_1.0.0.202411081344/tools/bin/../lib/gcc/arm-none-eabi/13.3.1/thumb/v7e-m+fp/hard\libgcc.a(_arm_truncdfsf2.o)
 .ARM.attributes
                0x000009cc       0x22 C:/ST/STM32CubeIDE_1.19.0/STM32CubeIDE/plugins/com.st.stm32cube.ide.mcu.externaltools.gnu-tools-for-stm32.13.3.rel1.win32_1.0.0.202411081344/tools/bin/../lib/gcc/arm-none-eabi/13.3.1/thumb/v7e-m+fp/hard\libgcc.a(_aeabi_uldivmod.o)
 .ARM.attributes
                0x000009ee       0x34 C:/ST/STM32CubeIDE_1.19.0/STM32CubeIDE/plugins/com.st.stm32cube.ide.mcu.externaltools.gnu-tools-for-stm32.13.3.rel1.win32_1.0.0.202411081344/tools/bin/../lib/gcc/arm-none-eabi/13.3.1/thumb/v7e-m+fp/hard\libgcc.a(_udivmoddi4.o)
 .ARM.attributes
                0x00000a22       0x22 C:/ST/STM32CubeIDE_1.19.0/STM32CubeIDE/plugins/com.st.stm32cube.ide.mcu.externaltools.gnu-tools-for-stm32.13.3.rel1.win32_1.0.0.202411081344/tools/bin/../lib/gcc/arm-none-eabi/13.3.1/thumb/v7e-m+fp/hard\libgcc.a(_dvmd_tls.o)
 .ARM.attributes
                0x00000a44       0x22 C:/ST/STM32CubeIDE_1.19.0/STM32CubeIDE/plugins/com.st.stm32cube.ide.mcu.externaltools.gnu-tools-for-stm32.13.3.rel1.win32_1.0.0.202411081344/tools/bin/../lib/gcc/arm-none-eabi/13.3.1/thumb/v7e-m+fp/hard/crtn.o
OUTPUT(LAB-4.elf elf32-littlearm)
LOAD linker stubs
LOAD C:/ST/STM32CubeIDE_1.19.0/STM32CubeIDE/plugins/com.st.stm32cube.ide.mcu.externaltools.gnu-tools-for-stm32.13.3.rel1.win32_1.0.0.202411081344/tools/bin/../lib/gcc/arm-none-eabi/13.3.1/../../../../arm-none-eabi/lib/thumb/v7e-m+fp/hard\libc.a
LOAD C:/ST/STM32CubeIDE_1.19.0/STM32CubeIDE/plugins/com.st.stm32cube.ide.mcu.externaltools.gnu-tools-for-stm32.13.3.rel1.win32_1.0.0.202411081344/tools/bin/../lib/gcc/arm-none-eabi/13.3.1/../../../../arm-none-eabi/lib/thumb/v7e-m+fp/hard\libm.a
LOAD C:/ST/STM32CubeIDE_1.19.0/STM32CubeIDE/plugins/com.st.stm32cube.ide.mcu.externaltools.gnu-tools-for-stm32.13.3.rel1.win32_1.0.0.202411081344/tools/bin/../lib/gcc/arm-none-eabi/13.3.1/thumb/v7e-m+fp/hard\libgcc.a

.debug_info     0x00000000    0x132bc
 .debug_info    0x00000000      0x26f ./Core/Src/button_driver.o
 .debug_info    0x0000026f      0xad6 ./Core/Src/garland.o
 .debug_info    0x00000d45      0x3fc ./Core/Src/gpio.o
 .debug_info    0x00001141      0x9be ./Core/Src/i2c.o
 .debug_info    0x00001aff      0x8d1 ./Core/Src/i2c_driver.o
 .debug_info    0x000023d0      0x19d ./Core/Src/input_handler.o
 .debug_info    0x0000256d      0xf23 ./Core/Src/main.o
 .debug_info    0x00003490      0x281 ./Core/Src/stm32f4xx_hal_msp.o
 .debug_info    0x00003711      0x98b ./Core/Src/stm32f4xx_it.o
 .debug_info    0x0000409c      0x168 ./Core/Src/sysmem.o
 .debug_info    0x00004204      0x52e ./Core/Src/system_stm32f4xx.o
 .debug_info    0x00004732      0xeeb ./Core/Src/tim.o
 .debug_info    0x0000561d      0x187 ./Core/Src/uart_buf.o
 .debug_info    0x000057a4      0xbcf ./Core/Src/usart.o
 .debug_info    0x00006373       0x30 ./Core/Startup/startup_stm32f427vitx.o
 .debug_info    0x000063a3      0x9ae ./Drivers/STM32F4xx_HAL_Driver/Src/stm32f4xx_hal.o
 .debug_info    0x00006d51      0xdb6 ./Drivers/STM32F4xx_HAL_Driver/Src/stm32f4xx_hal_cortex.o
 .debug_info    0x00007b07      0x8e7 ./Drivers/STM32F4xx_HAL_Driver/Src/stm32f4xx_hal_dma.o
 .debug_info    0x000083ee      0x6db ./Drivers/STM32F4xx_HAL_Driver/Src/stm32f4xx_hal_gpio.o
 .debug_info    0x00008ac9     0x2421 ./Drivers/STM32F4xx_HAL_Driver/Src/stm32f4xx_hal_i2c.o
 .debug_info    0x0000aeea      0x672 ./Drivers/STM32F4xx_HAL_Driver/Src/stm32f4xx_hal_i2c_ex.o
 .debug_info    0x0000b55c      0x6be ./Drivers/STM32F4xx_HAL_Driver/Src/stm32f4xx_hal_pwr_ex.o
 .debug_info    0x0000bc1a      0x8db ./Drivers/STM32F4xx_HAL_Driver/Src/stm32f4xx_hal_rcc.o
 .debug_info    0x0000c4f5     0x299d ./Drivers/STM32F4xx_HAL_Driver/Src/stm32f4xx_hal_tim.o
 .debug_info    0x0000ee92     0x14db ./Drivers/STM32F4xx_HAL_Driver/Src/stm32f4xx_hal_tim_ex.o
 .debug_info    0x0001036d     0x2f4f ./Drivers/STM32F4xx_HAL_Driver/Src/stm32f4xx_hal_uart.o

.debug_abbrev   0x00000000     0x3160
 .debug_abbrev  0x00000000      0x164 ./Core/Src/button_driver.o
 .debug_abbrev  0x00000164      0x364 ./Core/Src/garland.o
 .debug_abbrev  0x000004c8      0x135 ./Core/Src/gpio.o
 .debug_abbrev  0x000005fd      0x20a ./Core/Src/i2c.o
 .debug_abbrev  0x00000807      0x237 ./Core/Src/i2c_driver.o
 .debug_abbrev  0x00000a3e       0xe8 ./Core/Src/input_handler.o
 .debug_abbrev  0x00000b26      0x29e ./Core/Src/main.o
 .debug_abbrev  0x00000dc4       0xd8 ./Core/Src/stm32f4xx_hal_msp.o
 .debug_abbrev  0x00000e9c      0x19c ./Core/Src/stm32f4xx_it.o
 .debug_abbrev  0x00001038       0xbc ./Core/Src/sysmem.o
 .debug_abbrev  0x000010f4      0x11a ./Core/Src/system_stm32f4xx.o
 .debug_abbrev  0x0000120e      0x22c ./Core/Src/tim.o
 .debug_abbrev  0x0000143a       0xee ./Core/Src/uart_buf.o
 .debug_abbrev  0x00001528      0x218 ./Core/Src/usart.o
 .debug_abbrev  0x00001740       0x24 ./Core/Startup/startup_stm32f427vitx.o
 .debug_abbrev  0x00001764      0x214 ./Drivers/STM32F4xx_HAL_Driver/Src/stm32f4xx_hal.o
 .debug_abbrev  0x00001978      0x31d ./Drivers/STM32F4xx_HAL_Driver/Src/stm32f4xx_hal_cortex.o
 .debug_abbrev  0x00001c95      0x264 ./Drivers/STM32F4xx_HAL_Driver/Src/stm32f4xx_hal_dma.o
 .debug_abbrev  0x00001ef9      0x1d4 ./Drivers/STM32F4xx_HAL_Driver/Src/stm32f4xx_hal_gpio.o
 .debug_abbrev  0x000020cd      0x2ad ./Drivers/STM32F4xx_HAL_Driver/Src/stm32f4xx_hal_i2c.o
 .debug_abbrev  0x0000237a      0x157 ./Drivers/STM32F4xx_HAL_Driver/Src/stm32f4xx_hal_i2c_ex.o
 .debug_abbrev  0x000024d1      0x1cf ./Drivers/STM32F4xx_HAL_Driver/Src/stm32f4xx_hal_pwr_ex.o
 .debug_abbrev  0x000026a0      0x2b7 ./Drivers/STM32F4xx_HAL_Driver/Src/stm32f4xx_hal_rcc.o
 .debug_abbrev  0x00002957      0x278 ./Drivers/STM32F4xx_HAL_Driver/Src/stm32f4xx_hal_tim.o
 .debug_abbrev  0x00002bcf      0x283 ./Drivers/STM32F4xx_HAL_Driver/Src/stm32f4xx_hal_tim_ex.o
 .debug_abbrev  0x00002e52      0x30e ./Drivers/STM32F4xx_HAL_Driver/Src/stm32f4xx_hal_uart.o

.debug_aranges  0x00000000     0x1198
 .debug_aranges
                0x00000000       0x38 ./Core/Src/button_driver.o
 .debug_aranges
                0x00000038       0xb8 ./Core/Src/garland.o
 .debug_aranges
                0x000000f0       0x20 ./Core/Src/gpio.o
 .debug_aranges
                0x00000110       0x30 ./Core/Src/i2c.o
 .debug_aranges
                0x00000140       0x50 ./Core/Src/i2c_driver.o
 .debug_aranges
                0x00000190       0x20 ./Core/Src/input_handler.o
 .debug_aranges
                0x000001b0       0x38 ./Core/Src/main.o
 .debug_aranges
                0x000001e8       0x20 ./Core/Src/stm32f4xx_hal_msp.o
 .debug_aranges
                0x00000208       0x70 ./Core/Src/stm32f4xx_it.o
 .debug_aranges
                0x00000278       0x20 ./Core/Src/sysmem.o
 .debug_aranges
                0x00000298       0x28 ./Core/Src/system_stm32f4xx.o
 .debug_aranges
                0x000002c0       0x40 ./Core/Src/tim.o
 .debug_aranges
                0x00000300       0x30 ./Core/Src/uart_buf.o
 .debug_aranges
                0x00000330       0x30 ./Core/Src/usart.o
 .debug_aranges
                0x00000360       0x28 ./Core/Startup/startup_stm32f427vitx.o
 .debug_aranges
                0x00000388      0x100 ./Drivers/STM32F4xx_HAL_Driver/Src/stm32f4xx_hal.o
 .debug_aranges
                0x00000488      0x130 ./Drivers/STM32F4xx_HAL_Driver/Src/stm32f4xx_hal_cortex.o
 .debug_aranges
                0x000005b8       0x90 ./Drivers/STM32F4xx_HAL_Driver/Src/stm32f4xx_hal_dma.o
 .debug_aranges
                0x00000648       0x58 ./Drivers/STM32F4xx_HAL_Driver/Src/stm32f4xx_hal_gpio.o
 .debug_aranges
                0x000006a0      0x2a8 ./Drivers/STM32F4xx_HAL_Driver/Src/stm32f4xx_hal_i2c.o
 .debug_aranges
                0x00000948       0x28 ./Drivers/STM32F4xx_HAL_Driver/Src/stm32f4xx_hal_i2c_ex.o
 .debug_aranges
                0x00000970       0x60 ./Drivers/STM32F4xx_HAL_Driver/Src/stm32f4xx_hal_pwr_ex.o
 .debug_aranges
                0x000009d0       0x88 ./Drivers/STM32F4xx_HAL_Driver/Src/stm32f4xx_hal_rcc.o
 .debug_aranges
                0x00000a58      0x3d0 ./Drivers/STM32F4xx_HAL_Driver/Src/stm32f4xx_hal_tim.o
 .debug_aranges
                0x00000e28      0x168 ./Drivers/STM32F4xx_HAL_Driver/Src/stm32f4xx_hal_tim_ex.o
 .debug_aranges
                0x00000f90      0x208 ./Drivers/STM32F4xx_HAL_Driver/Src/stm32f4xx_hal_uart.o

.debug_rnglists
                0x00000000      0xdb6
 .debug_rnglists
                0x00000000       0x26 ./Core/Src/button_driver.o
 .debug_rnglists
                0x00000026       0x8d ./Core/Src/garland.o
 .debug_rnglists
                0x000000b3       0x14 ./Core/Src/gpio.o
 .debug_rnglists
                0x000000c7       0x21 ./Core/Src/i2c.o
 .debug_rnglists
                0x000000e8       0x39 ./Core/Src/i2c_driver.o
 .debug_rnglists
                0x00000121       0x14 ./Core/Src/input_handler.o
 .debug_rnglists
                0x00000135       0x27 ./Core/Src/main.o
 .debug_rnglists
                0x0000015c       0x13 ./Core/Src/stm32f4xx_hal_msp.o
 .debug_rnglists
                0x0000016f       0x4f ./Core/Src/stm32f4xx_it.o
 .debug_rnglists
                0x000001be       0x13 ./Core/Src/sysmem.o
 .debug_rnglists
                0x000001d1       0x1a ./Core/Src/system_stm32f4xx.o
 .debug_rnglists
                0x000001eb       0x2c ./Core/Src/tim.o
 .debug_rnglists
                0x00000217       0x1f ./Core/Src/uart_buf.o
 .debug_rnglists
                0x00000236       0x20 ./Core/Src/usart.o
 .debug_rnglists
                0x00000256       0x19 ./Core/Startup/startup_stm32f427vitx.o
 .debug_rnglists
                0x0000026f       0xbb ./Drivers/STM32F4xx_HAL_Driver/Src/stm32f4xx_hal.o
 .debug_rnglists
                0x0000032a       0xe0 ./Drivers/STM32F4xx_HAL_Driver/Src/stm32f4xx_hal_cortex.o
 .debug_rnglists
                0x0000040a       0x70 ./Drivers/STM32F4xx_HAL_Driver/Src/stm32f4xx_hal_dma.o
 .debug_rnglists
                0x0000047a       0x3f ./Drivers/STM32F4xx_HAL_Driver/Src/stm32f4xx_hal_gpio.o
 .debug_rnglists
                0x000004b9      0x23c ./Drivers/STM32F4xx_HAL_Driver/Src/stm32f4xx_hal_i2c.o
 .debug_rnglists
                0x000006f5       0x19 ./Drivers/STM32F4xx_HAL_Driver/Src/stm32f4xx_hal_i2c_ex.o
 .debug_rnglists
                0x0000070e       0x47 ./Drivers/STM32F4xx_HAL_Driver/Src/stm32f4xx_hal_pwr_ex.o
 .debug_rnglists
                0x00000755       0x66 ./Drivers/STM32F4xx_HAL_Driver/Src/stm32f4xx_hal_rcc.o
 .debug_rnglists
                0x000007bb      0x31a ./Drivers/STM32F4xx_HAL_Driver/Src/stm32f4xx_hal_tim.o
 .debug_rnglists
                0x00000ad5      0x125 ./Drivers/STM32F4xx_HAL_Driver/Src/stm32f4xx_hal_tim_ex.o
 .debug_rnglists
                0x00000bfa      0x1bc ./Drivers/STM32F4xx_HAL_Driver/Src/stm32f4xx_hal_uart.o

.debug_macro    0x00000000    0x25744
 .debug_macro   0x00000000      0x20d ./Core/Src/button_driver.o
 .debug_macro   0x0000020d      0xad8 ./Core/Src/button_driver.o
 .debug_macro   0x00000ce5      0x2a1 ./Core/Src/button_driver.o
 .debug_macro   0x00000f86       0x2e ./Core/Src/button_driver.o
 .debug_macro   0x00000fb4       0x28 ./Core/Src/button_driver.o
 .debug_macro   0x00000fdc       0x22 ./Core/Src/button_driver.o
 .debug_macro   0x00000ffe       0x8e ./Core/Src/button_driver.o
 .debug_macro   0x0000108c       0x51 ./Core/Src/button_driver.o
 .debug_macro   0x000010dd      0x103 ./Core/Src/button_driver.o
 .debug_macro   0x000011e0       0x6a ./Core/Src/button_driver.o
 .debug_macro   0x0000124a      0x1df ./Core/Src/button_driver.o
 .debug_macro   0x00001429       0x1c ./Core/Src/button_driver.o
 .debug_macro   0x00001445       0x22 ./Core/Src/button_driver.o
 .debug_macro   0x00001467       0xfb ./Core/Src/button_driver.o
 .debug_macro   0x00001562     0x1011 ./Core/Src/button_driver.o
 .debug_macro   0x00002573      0x11f ./Core/Src/button_driver.o
 .debug_macro   0x00002692    0x178cc ./Core/Src/button_driver.o
 .debug_macro   0x00019f5e       0x6d ./Core/Src/button_driver.o
 .debug_macro   0x00019fcb     0x370a ./Core/Src/button_driver.o
 .debug_macro   0x0001d6d5      0x190 ./Core/Src/button_driver.o
 .debug_macro   0x0001d865       0x5c ./Core/Src/button_driver.o
 .debug_macro   0x0001d8c1      0xc82 ./Core/Src/button_driver.o
 .debug_macro   0x0001e543      0x9e9 ./Core/Src/button_driver.o
 .debug_macro   0x0001ef2c      0x115 ./Core/Src/button_driver.o
 .debug_macro   0x0001f041      0x16f ./Core/Src/button_driver.o
 .debug_macro   0x0001f1b0       0xa5 ./Core/Src/button_driver.o
 .debug_macro   0x0001f255      0x182 ./Core/Src/button_driver.o
 .debug_macro   0x0001f3d7      0x287 ./Core/Src/button_driver.o
 .debug_macro   0x0001f65e       0x5f ./Core/Src/button_driver.o
 .debug_macro   0x0001f6bd      0x236 ./Core/Src/button_driver.o
 .debug_macro   0x0001f8f3      0x132 ./Core/Src/button_driver.o
 .debug_macro   0x0001fa25      0x41d ./Core/Src/button_driver.o
 .debug_macro   0x0001fe42       0x2e ./Core/Src/button_driver.o
 .debug_macro   0x0001fe70      0x1b5 ./Core/Src/button_driver.o
 .debug_macro   0x00020025       0x22 ./Core/Src/button_driver.o
 .debug_macro   0x00020047       0xd6 ./Core/Src/button_driver.o
 .debug_macro   0x0002011d      0x127 ./Core/Src/button_driver.o
 .debug_macro   0x00020244       0xe2 ./Core/Src/button_driver.o
 .debug_macro   0x00020326       0x89 ./Core/Src/button_driver.o
 .debug_macro   0x000203af      0x8ed ./Core/Src/button_driver.o
 .debug_macro   0x00020c9c       0x4d ./Core/Src/button_driver.o
 .debug_macro   0x00020ce9      0x2aa ./Core/Src/button_driver.o
 .debug_macro   0x00020f93      0x134 ./Core/Src/button_driver.o
 .debug_macro   0x000210c7       0x22 ./Core/Src/button_driver.o
 .debug_macro   0x000210e9       0x16 ./Core/Src/button_driver.o
 .debug_macro   0x000210ff      0x327 ./Core/Src/garland.o
 .debug_macro   0x00021426       0x5b ./Core/Src/garland.o
 .debug_macro   0x00021481       0x2a ./Core/Src/garland.o
 .debug_macro   0x000214ab       0x94 ./Core/Src/garland.o
 .debug_macro   0x0002153f       0x43 ./Core/Src/garland.o
 .debug_macro   0x00021582       0x34 ./Core/Src/garland.o
 .debug_macro   0x000215b6       0x57 ./Core/Src/garland.o
 .debug_macro   0x0002160d      0x370 ./Core/Src/garland.o
 .debug_macro   0x0002197d       0x16 ./Core/Src/garland.o
 .debug_macro   0x00021993       0x4a ./Core/Src/garland.o
 .debug_macro   0x000219dd       0x34 ./Core/Src/garland.o
 .debug_macro   0x00021a11       0x10 ./Core/Src/garland.o
 .debug_macro   0x00021a21       0x58 ./Core/Src/garland.o
 .debug_macro   0x00021a79       0x8e ./Core/Src/garland.o
 .debug_macro   0x00021b07       0x1c ./Core/Src/garland.o
 .debug_macro   0x00021b23      0x185 ./Core/Src/garland.o
 .debug_macro   0x00021ca8       0x10 ./Core/Src/garland.o
 .debug_macro   0x00021cb8       0x3c ./Core/Src/garland.o
 .debug_macro   0x00021cf4       0x20 ./Core/Src/garland.o
 .debug_macro   0x00021d14       0x1c ./Core/Src/garland.o
 .debug_macro   0x00021d30       0x10 ./Core/Src/garland.o
 .debug_macro   0x00021d40       0x1c ./Core/Src/garland.o
 .debug_macro   0x00021d5c       0x16 ./Core/Src/garland.o
 .debug_macro   0x00021d72      0x146 ./Core/Src/garland.o
 .debug_macro   0x00021eb8      0x460 ./Core/Src/garland.o
 .debug_macro   0x00022318       0x56 ./Core/Src/garland.o
 .debug_macro   0x0002236e       0x1c ./Core/Src/garland.o
 .debug_macro   0x0002238a      0x1fb ./Core/Src/gpio.o
 .debug_macro   0x00022585      0x1fb ./Core/Src/i2c.o
 .debug_macro   0x00022780      0x211 ./Core/Src/i2c_driver.o
 .debug_macro   0x00022991       0x40 ./Core/Src/i2c_driver.o
 .debug_macro   0x000229d1      0x2df ./Core/Src/input_handler.o
 .debug_macro   0x00022cb0       0x16 ./Core/Src/input_handler.o
 .debug_macro   0x00022cc6       0x9e ./Core/Src/input_handler.o
 .debug_macro   0x00022d64      0x112 ./Core/Src/input_handler.o
 .debug_macro   0x00022e76       0x16 ./Core/Src/input_handler.o
 .debug_macro   0x00022e8c      0x361 ./Core/Src/main.o
 .debug_macro   0x000231ed       0x61 ./Core/Src/main.o
 .debug_macro   0x0002324e      0x1f1 ./Core/Src/stm32f4xx_hal_msp.o
 .debug_macro   0x0002343f      0x1fb ./Core/Src/stm32f4xx_it.o
 .debug_macro   0x0002363a      0x112 ./Core/Src/sysmem.o
 .debug_macro   0x0002374c      0x23c ./Core/Src/sysmem.o
 .debug_macro   0x00023988      0x1e7 ./Core/Src/system_stm32f4xx.o
 .debug_macro   0x00023b6f      0x1fb ./Core/Src/tim.o
 .debug_macro   0x00023d6a      0x1fa ./Core/Src/uart_buf.o
 .debug_macro   0x00023f64      0x1fb ./Core/Src/usart.o
 .debug_macro   0x0002415f      0x247 ./Drivers/STM32F4xx_HAL_Driver/Src/stm32f4xx_hal.o
 .debug_macro   0x000243a6      0x1e7 ./Drivers/STM32F4xx_HAL_Driver/Src/stm32f4xx_hal_cortex.o
 .debug_macro   0x0002458d      0x1ed ./Drivers/STM32F4xx_HAL_Driver/Src/stm32f4xx_hal_dma.o
 .debug_macro   0x0002477a      0x1ed ./Drivers/STM32F4xx_HAL_Driver/Src/stm32f4xx_hal_gpio.o
 .debug_macro   0x00024967      0x235 ./Drivers/STM32F4xx_HAL_Driver/Src/stm32f4xx_hal_i2c.o
 .debug_macro   0x00024b9c      0x1e7 ./Drivers/STM32F4xx_HAL_Driver/Src/stm32f4xx_hal_i2c_ex.o
 .debug_macro   0x00024d83      0x1ff ./Drivers/STM32F4xx_HAL_Driver/Src/stm32f4xx_hal_pwr_ex.o
 .debug_macro   0x00024f82      0x20b ./Drivers/STM32F4xx_HAL_Driver/Src/stm32f4xx_hal_rcc.o
 .debug_macro   0x0002518d      0x1e8 ./Drivers/STM32F4xx_HAL_Driver/Src/stm32f4xx_hal_tim.o
 .debug_macro   0x00025375      0x1e7 ./Drivers/STM32F4xx_HAL_Driver/Src/stm32f4xx_hal_tim_ex.o
 .debug_macro   0x0002555c      0x1e8 ./Drivers/STM32F4xx_HAL_Driver/Src/stm32f4xx_hal_uart.o

.debug_line     0x00000000    0x18144
 .debug_line    0x00000000      0x88c ./Core/Src/button_driver.o
 .debug_line    0x0000088c      0xf47 ./Core/Src/garland.o
 .debug_line    0x000017d3      0x784 ./Core/Src/gpio.o
 .debug_line    0x00001f57      0x800 ./Core/Src/i2c.o
 .debug_line    0x00002757      0x9c1 ./Core/Src/i2c_driver.o
 .debug_line    0x00003118      0x918 ./Core/Src/input_handler.o
 .debug_line    0x00003a30      0xa65 ./Core/Src/main.o
 .debug_line    0x00004495      0x777 ./Core/Src/stm32f4xx_hal_msp.o
 .debug_line    0x00004c0c      0x856 ./Core/Src/stm32f4xx_it.o
 .debug_line    0x00005462      0x588 ./Core/Src/sysmem.o
 .debug_line    0x000059ea      0x7ed ./Core/Src/system_stm32f4xx.o
 .debug_line    0x000061d7      0x8cb ./Core/Src/tim.o
 .debug_line    0x00006aa2      0x7fe ./Core/Src/uart_buf.o
 .debug_line    0x000072a0      0x7e8 ./Core/Src/usart.o
 .debug_line    0x00007a88       0x7a ./Core/Startup/startup_stm32f427vitx.o
 .debug_line    0x00007b02      0xa9f ./Drivers/STM32F4xx_HAL_Driver/Src/stm32f4xx_hal.o
 .debug_line    0x000085a1      0xd39 ./Drivers/STM32F4xx_HAL_Driver/Src/stm32f4xx_hal_cortex.o
 .debug_line    0x000092da      0xfd5 ./Drivers/STM32F4xx_HAL_Driver/Src/stm32f4xx_hal_dma.o
 .debug_line    0x0000a2af      0xbe9 ./Drivers/STM32F4xx_HAL_Driver/Src/stm32f4xx_hal_gpio.o
 .debug_line    0x0000ae98     0x3b16 ./Drivers/STM32F4xx_HAL_Driver/Src/stm32f4xx_hal_i2c.o
 .debug_line    0x0000e9ae      0x7f2 ./Drivers/STM32F4xx_HAL_Driver/Src/stm32f4xx_hal_i2c_ex.o
 .debug_line    0x0000f1a0      0x9d6 ./Drivers/STM32F4xx_HAL_Driver/Src/stm32f4xx_hal_pwr_ex.o
 .debug_line    0x0000fb76      0xe76 ./Drivers/STM32F4xx_HAL_Driver/Src/stm32f4xx_hal_rcc.o
 .debug_line    0x000109ec     0x37de ./Drivers/STM32F4xx_HAL_Driver/Src/stm32f4xx_hal_tim.o
 .debug_line    0x000141ca     0x19c9 ./Drivers/STM32F4xx_HAL_Driver/Src/stm32f4xx_hal_tim_ex.o
 .debug_line    0x00015b93     0x25b1 ./Drivers/STM32F4xx_HAL_Driver/Src/stm32f4xx_hal_uart.o

.debug_str      0x00000000    0xdbe90
 .debug_str     0x00000000    0xdbe90 ./Core/Src/button_driver.o
                              0xd23ec (size before relaxing)
 .debug_str     0x000dbe90    0xd7298 ./Core/Src/garland.o
 .debug_str     0x000dbe90    0xd23f2 ./Core/Src/gpio.o
 .debug_str     0x000dbe90    0xd299d ./Core/Src/i2c.o
 .debug_str     0x000dbe90    0xd29ff ./Core/Src/i2c_driver.o
 .debug_str     0x000dbe90    0xd5b22 ./Core/Src/input_handler.o
 .debug_str     0x000dbe90    0xd6799 ./Core/Src/main.o
 .debug_str     0x000dbe90    0xd2363 ./Core/Src/stm32f4xx_hal_msp.o
 .debug_str     0x000dbe90    0xd2a88 ./Core/Src/stm32f4xx_it.o
 .debug_str     0x000dbe90     0x777a ./Core/Src/sysmem.o
 .debug_str     0x000dbe90    0xd2413 ./Core/Src/system_stm32f4xx.o
 .debug_str     0x000dbe90    0xd30e2 ./Core/Src/tim.o
 .debug_str     0x000dbe90    0xd22e4 ./Core/Src/uart_buf.o
 .debug_str     0x000dbe90    0xd2e6c ./Core/Src/usart.o
 .debug_str     0x000dbe90       0x7c ./Core/Startup/startup_stm32f427vitx.o
 .debug_str     0x000dbe90    0xd301f ./Drivers/STM32F4xx_HAL_Driver/Src/stm32f4xx_hal.o
 .debug_str     0x000dbe90    0xd2d4d ./Drivers/STM32F4xx_HAL_Driver/Src/stm32f4xx_hal_cortex.o
 .debug_str     0x000dbe90    0xd281a ./Drivers/STM32F4xx_HAL_Driver/Src/stm32f4xx_hal_dma.o
 .debug_str     0x000dbe90    0xd258e ./Drivers/STM32F4xx_HAL_Driver/Src/stm32f4xx_hal_gpio.o
 .debug_str     0x000dbe90    0xd3423 ./Drivers/STM32F4xx_HAL_Driver/Src/stm32f4xx_hal_i2c.o
 .debug_str     0x000dbe90    0xd27e2 ./Drivers/STM32F4xx_HAL_Driver/Src/stm32f4xx_hal_i2c_ex.o
 .debug_str     0x000dbe90    0xd25eb ./Drivers/STM32F4xx_HAL_Driver/Src/stm32f4xx_hal_pwr_ex.o
 .debug_str     0x000dbe90    0xd2847 ./Drivers/STM32F4xx_HAL_Driver/Src/stm32f4xx_hal_rcc.o
 .debug_str     0x000dbe90    0xd378a ./Drivers/STM32F4xx_HAL_Driver/Src/stm32f4xx_hal_tim.o
 .debug_str     0x000dbe90    0xd2f96 ./Drivers/STM32F4xx_HAL_Driver/Src/stm32f4xx_hal_tim_ex.o
 .debug_str     0x000dbe90    0xd2e15 ./Drivers/STM32F4xx_HAL_Driver/Src/stm32f4xx_hal_uart.o

.comment        0x00000000       0x43
 .comment       0x00000000       0x43 ./Core/Src/button_driver.o
                                 0x44 (size before relaxing)
 .comment       0x00000043       0x44 ./Core/Src/garland.o
 .comment       0x00000043       0x44 ./Core/Src/gpio.o
 .comment       0x00000043       0x44 ./Core/Src/i2c.o
 .comment       0x00000043       0x44 ./Core/Src/i2c_driver.o
 .comment       0x00000043       0x44 ./Core/Src/input_handler.o
 .comment       0x00000043       0x44 ./Core/Src/main.o
 .comment       0x00000043       0x44 ./Core/Src/stm32f4xx_hal_msp.o
 .comment       0x00000043       0x44 ./Core/Src/stm32f4xx_it.o
 .comment       0x00000043       0x44 ./Core/Src/sysmem.o
 .comment       0x00000043       0x44 ./Core/Src/system_stm32f4xx.o
 .comment       0x00000043       0x44 ./Core/Src/tim.o
 .comment       0x00000043       0x44 ./Core/Src/uart_buf.o
 .comment       0x00000043       0x44 ./Core/Src/usart.o
 .comment       0x00000043       0x44 ./Drivers/STM32F4xx_HAL_Driver/Src/stm32f4xx_hal.o
 .comment       0x00000043       0x44 ./Drivers/STM32F4xx_HAL_Driver/Src/stm32f4xx_hal_cortex.o
 .comment       0x00000043       0x44 ./Drivers/STM32F4xx_HAL_Driver/Src/stm32f4xx_hal_dma.o
 .comment       0x00000043       0x44 ./Drivers/STM32F4xx_HAL_Driver/Src/stm32f4xx_hal_gpio.o
 .comment       0x00000043       0x44 ./Drivers/STM32F4xx_HAL_Driver/Src/stm32f4xx_hal_i2c.o
 .comment       0x00000043       0x44 ./Drivers/STM32F4xx_HAL_Driver/Src/stm32f4xx_hal_i2c_ex.o
 .comment       0x00000043       0x44 ./Drivers/STM32F4xx_HAL_Driver/Src/stm32f4xx_hal_pwr_ex.o
 .comment       0x00000043       0x44 ./Drivers/STM32F4xx_HAL_Driver/Src/stm32f4xx_hal_rcc.o
 .comment       0x00000043       0x44 ./Drivers/STM32F4xx_HAL_Driver/Src/stm32f4xx_hal_tim.o
 .comment       0x00000043       0x44 ./Drivers/STM32F4xx_HAL_Driver/Src/stm32f4xx_hal_tim_ex.o
 .comment       0x00000043       0x44 ./Drivers/STM32F4xx_HAL_Driver/Src/stm32f4xx_hal_uart.o
