../Core/Src/garland.c:6:17:lock	16	static,ignoring_inline_asm
../Core/Src/garland.c:13:13:unlock	24	static,ignoring_inline_asm
../Core/Src/garland.c:42:6:format_user_mode_info	16	static
../Core/Src/garland.c:55:6:start_editing	16	static
../Core/Src/garland.c:63:6:finish_editing	16	static
../Core/Src/garland.c:71:6:e_light_up	16	static
../Core/Src/garland.c:89:6:e_light_down	16	static
../Core/Src/garland.c:107:6:e_switch_seq	16	static
../Core/Src/garland.c:115:6:e_switch_color	16	static
../Core/Src/garland.c:129:6:is_editing	4	static
../Core/Src/garland.c:133:6:HAL_TIM_PeriodElapsedCallback	16	static
../Core/Src/garland.c:140:13:first_mode	16	static
../Core/Src/garland.c:162:13:second_mode	4	static
../Core/Src/garland.c:193:13:third_mode	4	static
../Core/Src/garland.c:226:13:user_mode	16	static
../Core/Src/garland.c:264:6:speed_up	24	static
../Core/Src/garland.c:282:6:speed_down	24	static
../Core/Src/garland.c:299:6:next_mode	16	static
../Core/Src/garland.c:328:6:prev_mode	16	static
../Core/Src/garland.c:357:6:update_state	8	static
